Component: ARM Compiler 5.05 update 1 (build 106) Tool: armlink [4d0efa]

==============================================================================

Section Cross References

    startup_stm32g431xx.o(RESET) refers to startup_stm32g431xx.o(STACK) for __initial_sp
    startup_stm32g431xx.o(RESET) refers to startup_stm32g431xx.o(.text) for Reset_Handler
    startup_stm32g431xx.o(RESET) refers to stm32g4xx_it.o(i.NMI_Handler) for NMI_Handler
    startup_stm32g431xx.o(RESET) refers to stm32g4xx_it.o(i.HardFault_Handler) for HardFault_Handler
    startup_stm32g431xx.o(RESET) refers to stm32g4xx_it.o(i.MemManage_Handler) for MemManage_Handler
    startup_stm32g431xx.o(RESET) refers to stm32g4xx_it.o(i.BusFault_Handler) for BusFault_Handler
    startup_stm32g431xx.o(RESET) refers to stm32g4xx_it.o(i.UsageFault_Handler) for UsageFault_Handler
    startup_stm32g431xx.o(RESET) refers to stm32g4xx_it.o(i.SVC_Handler) for SVC_Handler
    startup_stm32g431xx.o(RESET) refers to stm32g4xx_it.o(i.DebugMon_Handler) for DebugMon_Handler
    startup_stm32g431xx.o(RESET) refers to stm32g4xx_it.o(i.PendSV_Handler) for PendSV_Handler
    startup_stm32g431xx.o(RESET) refers to stm32g4xx_it.o(i.SysTick_Handler) for SysTick_Handler
    startup_stm32g431xx.o(.text) refers to system_stm32g4xx.o(i.SystemInit) for SystemInit
    startup_stm32g431xx.o(.text) refers to entry.o(.ARM.Collect$$$$00000000) for __main
    main.o(i.Error_Handler) refers to main.o(i.LL_GPIO_SetOutputPin) for LL_GPIO_SetOutputPin
    main.o(i.Error_Handler) refers to printf1.o(i.__0printf$1) for __2printf
    main.o(i.Print_ResetStatus) refers to printf1.o(i.__0printf$1) for __2printf
    main.o(i.SystemClock_Config) refers to main.o(i.LL_RCC_SetAHBPrescaler) for LL_RCC_SetAHBPrescaler
    main.o(i.SystemClock_Config) refers to stm32g4xx_ll_utils.o(i.LL_Init1msTick) for LL_Init1msTick
    main.o(i.SystemClock_Config) refers to stm32g4xx_ll_utils.o(i.LL_SetSystemCoreClock) for LL_SetSystemCoreClock
    main.o(i.main) refers to main.o(i.SystemClock_Config) for SystemClock_Config
    main.o(i.main) refers to gpio.o(i.MX_GPIO_Init) for MX_GPIO_Init
    main.o(i.main) refers to usart.o(i.MX_USART1_UART_Init) for MX_USART1_UART_Init
    main.o(i.main) refers to stm32g4xx_ll_utils.o(i.LL_mDelay) for LL_mDelay
    main.o(i.main) refers to printf1.o(i.__0printf$1) for __2printf
    main.o(i.main) refers to main.o(i.LL_GPIO_SetOutputPin) for LL_GPIO_SetOutputPin
    main.o(i.main) refers to main.o(i.Print_ResetStatus) for Print_ResetStatus
    main.o(i.main) refers to main.o(i.LL_GPIO_TogglePin) for LL_GPIO_TogglePin
    gpio.o(i.MX_GPIO_Init) refers to memseta.o(.text) for __aeabi_memclr4
    gpio.o(i.MX_GPIO_Init) refers to gpio.o(i.LL_AHB2_GRP1_EnableClock) for LL_AHB2_GRP1_EnableClock
    gpio.o(i.MX_GPIO_Init) refers to gpio.o(i.LL_GPIO_ResetOutputPin) for LL_GPIO_ResetOutputPin
    gpio.o(i.MX_GPIO_Init) refers to stm32g4xx_ll_gpio.o(i.LL_GPIO_Init) for LL_GPIO_Init
    usart.o(i.MX_USART1_UART_Init) refers to memseta.o(.text) for __aeabi_memclr4
    usart.o(i.MX_USART1_UART_Init) refers to stm32g4xx_ll_gpio.o(i.LL_GPIO_Init) for LL_GPIO_Init
    usart.o(i.MX_USART1_UART_Init) refers to stm32g4xx_ll_usart.o(i.LL_USART_Init) for LL_USART_Init
    stm32g4xx_it.o(i.BusFault_Handler) refers to stm32g4xx_it.o(i.LL_GPIO_ResetOutputPin) for LL_GPIO_ResetOutputPin
    stm32g4xx_it.o(i.BusFault_Handler) refers to stm32g4xx_it.o(i.LL_GPIO_SetOutputPin) for LL_GPIO_SetOutputPin
    stm32g4xx_it.o(i.BusFault_Handler) refers to main.o(i.Print_ResetStatus) for Print_ResetStatus
    stm32g4xx_it.o(i.BusFault_Handler) refers to printf1.o(i.__0printf$1) for __2printf
    stm32g4xx_it.o(i.BusFault_Handler) refers to stm32g4xx_it.o(i.Delay) for Delay
    stm32g4xx_it.o(i.HardFault_Handler) refers to stm32g4xx_it.o(i.LL_GPIO_ResetOutputPin) for LL_GPIO_ResetOutputPin
    stm32g4xx_it.o(i.HardFault_Handler) refers to stm32g4xx_it.o(i.LL_GPIO_SetOutputPin) for LL_GPIO_SetOutputPin
    stm32g4xx_it.o(i.HardFault_Handler) refers to main.o(i.Print_ResetStatus) for Print_ResetStatus
    stm32g4xx_it.o(i.HardFault_Handler) refers to printf1.o(i.__0printf$1) for __2printf
    stm32g4xx_it.o(i.HardFault_Handler) refers to stm32g4xx_it.o(i.Delay) for Delay
    stm32g4xx_it.o(i.MemManage_Handler) refers to stm32g4xx_it.o(i.LL_GPIO_ResetOutputPin) for LL_GPIO_ResetOutputPin
    stm32g4xx_it.o(i.MemManage_Handler) refers to stm32g4xx_it.o(i.LL_GPIO_SetOutputPin) for LL_GPIO_SetOutputPin
    stm32g4xx_it.o(i.MemManage_Handler) refers to main.o(i.Print_ResetStatus) for Print_ResetStatus
    stm32g4xx_it.o(i.MemManage_Handler) refers to printf1.o(i.__0printf$1) for __2printf
    stm32g4xx_it.o(i.MemManage_Handler) refers to stm32g4xx_it.o(i.Delay) for Delay
    stm32g4xx_it.o(i.UsageFault_Handler) refers to stm32g4xx_it.o(i.LL_GPIO_ResetOutputPin) for LL_GPIO_ResetOutputPin
    stm32g4xx_it.o(i.UsageFault_Handler) refers to stm32g4xx_it.o(i.LL_GPIO_SetOutputPin) for LL_GPIO_SetOutputPin
    stm32g4xx_it.o(i.UsageFault_Handler) refers to main.o(i.Print_ResetStatus) for Print_ResetStatus
    stm32g4xx_it.o(i.UsageFault_Handler) refers to printf1.o(i.__0printf$1) for __2printf
    stm32g4xx_it.o(i.UsageFault_Handler) refers to stm32g4xx_it.o(i.Delay) for Delay
    stm32g4xx_ll_utils.o(i.LL_PLL_ConfigSystemClock_HSE) refers to stm32g4xx_ll_utils.o(i.UTILS_PLL_IsBusy) for UTILS_PLL_IsBusy
    stm32g4xx_ll_utils.o(i.LL_PLL_ConfigSystemClock_HSE) refers to stm32g4xx_ll_utils.o(i.UTILS_GetPLLOutputFrequency) for UTILS_GetPLLOutputFrequency
    stm32g4xx_ll_utils.o(i.LL_PLL_ConfigSystemClock_HSE) refers to stm32g4xx_ll_utils.o(i.LL_RCC_HSE_IsReady) for LL_RCC_HSE_IsReady
    stm32g4xx_ll_utils.o(i.LL_PLL_ConfigSystemClock_HSE) refers to stm32g4xx_ll_utils.o(i.LL_RCC_PLL_ConfigDomain_SYS) for LL_RCC_PLL_ConfigDomain_SYS
    stm32g4xx_ll_utils.o(i.LL_PLL_ConfigSystemClock_HSE) refers to stm32g4xx_ll_utils.o(i.UTILS_EnablePLLAndSwitchSystem) for UTILS_EnablePLLAndSwitchSystem
    stm32g4xx_ll_utils.o(i.LL_PLL_ConfigSystemClock_HSE) refers to stm32g4xx_ll_utils.o(i.LL_RCC_SetAHBPrescaler) for LL_RCC_SetAHBPrescaler
    stm32g4xx_ll_utils.o(i.LL_PLL_ConfigSystemClock_HSI) refers to stm32g4xx_ll_utils.o(i.UTILS_PLL_IsBusy) for UTILS_PLL_IsBusy
    stm32g4xx_ll_utils.o(i.LL_PLL_ConfigSystemClock_HSI) refers to stm32g4xx_ll_utils.o(i.UTILS_GetPLLOutputFrequency) for UTILS_GetPLLOutputFrequency
    stm32g4xx_ll_utils.o(i.LL_PLL_ConfigSystemClock_HSI) refers to stm32g4xx_ll_utils.o(i.LL_RCC_HSI_IsReady) for LL_RCC_HSI_IsReady
    stm32g4xx_ll_utils.o(i.LL_PLL_ConfigSystemClock_HSI) refers to stm32g4xx_ll_utils.o(i.LL_RCC_PLL_ConfigDomain_SYS) for LL_RCC_PLL_ConfigDomain_SYS
    stm32g4xx_ll_utils.o(i.LL_PLL_ConfigSystemClock_HSI) refers to stm32g4xx_ll_utils.o(i.UTILS_EnablePLLAndSwitchSystem) for UTILS_EnablePLLAndSwitchSystem
    stm32g4xx_ll_utils.o(i.LL_PLL_ConfigSystemClock_HSI) refers to stm32g4xx_ll_utils.o(i.LL_RCC_SetAHBPrescaler) for LL_RCC_SetAHBPrescaler
    stm32g4xx_ll_utils.o(i.LL_SetSystemCoreClock) refers to system_stm32g4xx.o(.data) for SystemCoreClock
    stm32g4xx_ll_utils.o(i.UTILS_EnablePLLAndSwitchSystem) refers to stm32g4xx_ll_utils.o(i.UTILS_SetFlashLatency) for UTILS_SetFlashLatency
    stm32g4xx_ll_utils.o(i.UTILS_EnablePLLAndSwitchSystem) refers to stm32g4xx_ll_utils.o(i.LL_RCC_PLL_IsReady) for LL_RCC_PLL_IsReady
    stm32g4xx_ll_utils.o(i.UTILS_EnablePLLAndSwitchSystem) refers to stm32g4xx_ll_utils.o(i.LL_RCC_SetAHBPrescaler) for LL_RCC_SetAHBPrescaler
    stm32g4xx_ll_utils.o(i.UTILS_EnablePLLAndSwitchSystem) refers to stm32g4xx_ll_utils.o(i.LL_SetSystemCoreClock) for LL_SetSystemCoreClock
    stm32g4xx_ll_utils.o(i.UTILS_EnablePLLAndSwitchSystem) refers to system_stm32g4xx.o(.constdata) for AHBPrescTable
    stm32g4xx_ll_utils.o(i.UTILS_EnablePLLAndSwitchSystem) refers to system_stm32g4xx.o(.data) for SystemCoreClock
    stm32g4xx_ll_utils.o(i.UTILS_PLL_IsBusy) refers to stm32g4xx_ll_utils.o(i.LL_RCC_PLL_IsReady) for LL_RCC_PLL_IsReady
    stm32g4xx_ll_exti.o(i.LL_EXTI_Init) refers to stm32g4xx_ll_exti.o(i.LL_EXTI_DisableEvent_0_31) for LL_EXTI_DisableEvent_0_31
    stm32g4xx_ll_exti.o(i.LL_EXTI_Init) refers to stm32g4xx_ll_exti.o(i.LL_EXTI_EnableIT_0_31) for LL_EXTI_EnableIT_0_31
    stm32g4xx_ll_exti.o(i.LL_EXTI_Init) refers to stm32g4xx_ll_exti.o(i.LL_EXTI_DisableIT_0_31) for LL_EXTI_DisableIT_0_31
    stm32g4xx_ll_exti.o(i.LL_EXTI_Init) refers to stm32g4xx_ll_exti.o(i.LL_EXTI_EnableEvent_0_31) for LL_EXTI_EnableEvent_0_31
    stm32g4xx_ll_exti.o(i.LL_EXTI_Init) refers to stm32g4xx_ll_exti.o(i.LL_EXTI_EnableRisingTrig_0_31) for LL_EXTI_EnableRisingTrig_0_31
    stm32g4xx_ll_exti.o(i.LL_EXTI_Init) refers to stm32g4xx_ll_exti.o(i.LL_EXTI_EnableFallingTrig_0_31) for LL_EXTI_EnableFallingTrig_0_31
    stm32g4xx_ll_exti.o(i.LL_EXTI_Init) refers to stm32g4xx_ll_exti.o(i.LL_EXTI_DisableEvent_32_63) for LL_EXTI_DisableEvent_32_63
    stm32g4xx_ll_exti.o(i.LL_EXTI_Init) refers to stm32g4xx_ll_exti.o(i.LL_EXTI_EnableIT_32_63) for LL_EXTI_EnableIT_32_63
    stm32g4xx_ll_exti.o(i.LL_EXTI_Init) refers to stm32g4xx_ll_exti.o(i.LL_EXTI_DisableIT_32_63) for LL_EXTI_DisableIT_32_63
    stm32g4xx_ll_exti.o(i.LL_EXTI_Init) refers to stm32g4xx_ll_exti.o(i.LL_EXTI_EnableEvent_32_63) for LL_EXTI_EnableEvent_32_63
    stm32g4xx_ll_exti.o(i.LL_EXTI_Init) refers to stm32g4xx_ll_exti.o(i.LL_EXTI_EnableRisingTrig_32_63) for LL_EXTI_EnableRisingTrig_32_63
    stm32g4xx_ll_exti.o(i.LL_EXTI_Init) refers to stm32g4xx_ll_exti.o(i.LL_EXTI_EnableFallingTrig_32_63) for LL_EXTI_EnableFallingTrig_32_63
    stm32g4xx_ll_gpio.o(i.LL_GPIO_DeInit) refers to stm32g4xx_ll_gpio.o(i.LL_AHB2_GRP1_ForceReset) for LL_AHB2_GRP1_ForceReset
    stm32g4xx_ll_gpio.o(i.LL_GPIO_DeInit) refers to stm32g4xx_ll_gpio.o(i.LL_AHB2_GRP1_ReleaseReset) for LL_AHB2_GRP1_ReleaseReset
    stm32g4xx_ll_usart.o(i.LL_USART_ClockInit) refers to stm32g4xx_ll_usart.o(i.LL_USART_IsEnabled) for LL_USART_IsEnabled
    stm32g4xx_ll_usart.o(i.LL_USART_DeInit) refers to stm32g4xx_ll_usart.o(i.LL_APB1_GRP1_ForceReset) for LL_APB1_GRP1_ForceReset
    stm32g4xx_ll_usart.o(i.LL_USART_DeInit) refers to stm32g4xx_ll_usart.o(i.LL_APB1_GRP1_ReleaseReset) for LL_APB1_GRP1_ReleaseReset
    stm32g4xx_ll_usart.o(i.LL_USART_Init) refers to stm32g4xx_ll_usart.o(i.LL_USART_IsEnabled) for LL_USART_IsEnabled
    stm32g4xx_ll_usart.o(i.LL_USART_Init) refers to stm32g4xx_ll_rcc.o(i.LL_RCC_GetUSARTClockFreq) for LL_RCC_GetUSARTClockFreq
    stm32g4xx_ll_usart.o(i.LL_USART_Init) refers to stm32g4xx_ll_rcc.o(i.LL_RCC_GetUARTClockFreq) for LL_RCC_GetUARTClockFreq
    stm32g4xx_ll_usart.o(i.LL_USART_Init) refers to stm32g4xx_ll_usart.o(i.LL_USART_SetBaudRate) for LL_USART_SetBaudRate
    stm32g4xx_ll_usart.o(i.LL_USART_SetBaudRate) refers to stm32g4xx_ll_usart.o(.constdata) for USART_PRESCALER_TAB
    stm32g4xx_ll_rcc.o(i.LL_RCC_DeInit) refers to stm32g4xx_ll_rcc.o(i.LL_RCC_HSI_IsReady) for LL_RCC_HSI_IsReady
    stm32g4xx_ll_rcc.o(i.LL_RCC_DeInit) refers to stm32g4xx_ll_rcc.o(i.LL_RCC_PLL_IsReady) for LL_RCC_PLL_IsReady
    stm32g4xx_ll_rcc.o(i.LL_RCC_GetADCClockFreq) refers to stm32g4xx_ll_rcc.o(i.LL_RCC_PLL_IsReady) for LL_RCC_PLL_IsReady
    stm32g4xx_ll_rcc.o(i.LL_RCC_GetADCClockFreq) refers to stm32g4xx_ll_rcc.o(i.RCC_PLL_GetFreqDomain_ADC) for RCC_PLL_GetFreqDomain_ADC
    stm32g4xx_ll_rcc.o(i.LL_RCC_GetADCClockFreq) refers to stm32g4xx_ll_rcc.o(i.RCC_GetSystemClockFreq) for RCC_GetSystemClockFreq
    stm32g4xx_ll_rcc.o(i.LL_RCC_GetFDCANClockFreq) refers to stm32g4xx_ll_rcc.o(i.LL_RCC_PLL_IsReady) for LL_RCC_PLL_IsReady
    stm32g4xx_ll_rcc.o(i.LL_RCC_GetFDCANClockFreq) refers to stm32g4xx_ll_rcc.o(i.RCC_PLL_GetFreqDomain_48M) for RCC_PLL_GetFreqDomain_48M
    stm32g4xx_ll_rcc.o(i.LL_RCC_GetFDCANClockFreq) refers to stm32g4xx_ll_rcc.o(i.RCC_GetSystemClockFreq) for RCC_GetSystemClockFreq
    stm32g4xx_ll_rcc.o(i.LL_RCC_GetFDCANClockFreq) refers to stm32g4xx_ll_rcc.o(i.RCC_GetHCLKClockFreq) for RCC_GetHCLKClockFreq
    stm32g4xx_ll_rcc.o(i.LL_RCC_GetFDCANClockFreq) refers to stm32g4xx_ll_rcc.o(i.RCC_GetPCLK1ClockFreq) for RCC_GetPCLK1ClockFreq
    stm32g4xx_ll_rcc.o(i.LL_RCC_GetI2CClockFreq) refers to stm32g4xx_ll_rcc.o(i.LL_RCC_GetI2CClockSource) for LL_RCC_GetI2CClockSource
    stm32g4xx_ll_rcc.o(i.LL_RCC_GetI2CClockFreq) refers to stm32g4xx_ll_rcc.o(i.RCC_GetSystemClockFreq) for RCC_GetSystemClockFreq
    stm32g4xx_ll_rcc.o(i.LL_RCC_GetI2CClockFreq) refers to stm32g4xx_ll_rcc.o(i.LL_RCC_HSI_IsReady) for LL_RCC_HSI_IsReady
    stm32g4xx_ll_rcc.o(i.LL_RCC_GetI2CClockFreq) refers to stm32g4xx_ll_rcc.o(i.RCC_GetHCLKClockFreq) for RCC_GetHCLKClockFreq
    stm32g4xx_ll_rcc.o(i.LL_RCC_GetI2CClockFreq) refers to stm32g4xx_ll_rcc.o(i.RCC_GetPCLK1ClockFreq) for RCC_GetPCLK1ClockFreq
    stm32g4xx_ll_rcc.o(i.LL_RCC_GetI2SClockFreq) refers to stm32g4xx_ll_rcc.o(i.RCC_GetSystemClockFreq) for RCC_GetSystemClockFreq
    stm32g4xx_ll_rcc.o(i.LL_RCC_GetI2SClockFreq) refers to stm32g4xx_ll_rcc.o(i.LL_RCC_PLL_IsReady) for LL_RCC_PLL_IsReady
    stm32g4xx_ll_rcc.o(i.LL_RCC_GetI2SClockFreq) refers to stm32g4xx_ll_rcc.o(i.RCC_PLL_GetFreqDomain_48M) for RCC_PLL_GetFreqDomain_48M
    stm32g4xx_ll_rcc.o(i.LL_RCC_GetI2SClockFreq) refers to stm32g4xx_ll_rcc.o(i.LL_RCC_HSI_IsReady) for LL_RCC_HSI_IsReady
    stm32g4xx_ll_rcc.o(i.LL_RCC_GetLPTIMClockFreq) refers to stm32g4xx_ll_rcc.o(i.LL_RCC_HSI_IsReady) for LL_RCC_HSI_IsReady
    stm32g4xx_ll_rcc.o(i.LL_RCC_GetLPTIMClockFreq) refers to stm32g4xx_ll_rcc.o(i.LL_RCC_LSE_IsReady) for LL_RCC_LSE_IsReady
    stm32g4xx_ll_rcc.o(i.LL_RCC_GetLPTIMClockFreq) refers to stm32g4xx_ll_rcc.o(i.RCC_GetSystemClockFreq) for RCC_GetSystemClockFreq
    stm32g4xx_ll_rcc.o(i.LL_RCC_GetLPTIMClockFreq) refers to stm32g4xx_ll_rcc.o(i.RCC_GetHCLKClockFreq) for RCC_GetHCLKClockFreq
    stm32g4xx_ll_rcc.o(i.LL_RCC_GetLPTIMClockFreq) refers to stm32g4xx_ll_rcc.o(i.RCC_GetPCLK1ClockFreq) for RCC_GetPCLK1ClockFreq
    stm32g4xx_ll_rcc.o(i.LL_RCC_GetLPUARTClockFreq) refers to stm32g4xx_ll_rcc.o(i.RCC_GetSystemClockFreq) for RCC_GetSystemClockFreq
    stm32g4xx_ll_rcc.o(i.LL_RCC_GetLPUARTClockFreq) refers to stm32g4xx_ll_rcc.o(i.LL_RCC_HSI_IsReady) for LL_RCC_HSI_IsReady
    stm32g4xx_ll_rcc.o(i.LL_RCC_GetLPUARTClockFreq) refers to stm32g4xx_ll_rcc.o(i.LL_RCC_LSE_IsReady) for LL_RCC_LSE_IsReady
    stm32g4xx_ll_rcc.o(i.LL_RCC_GetLPUARTClockFreq) refers to stm32g4xx_ll_rcc.o(i.RCC_GetHCLKClockFreq) for RCC_GetHCLKClockFreq
    stm32g4xx_ll_rcc.o(i.LL_RCC_GetLPUARTClockFreq) refers to stm32g4xx_ll_rcc.o(i.RCC_GetPCLK1ClockFreq) for RCC_GetPCLK1ClockFreq
    stm32g4xx_ll_rcc.o(i.LL_RCC_GetRNGClockFreq) refers to stm32g4xx_ll_rcc.o(i.LL_RCC_PLL_IsReady) for LL_RCC_PLL_IsReady
    stm32g4xx_ll_rcc.o(i.LL_RCC_GetRNGClockFreq) refers to stm32g4xx_ll_rcc.o(i.RCC_PLL_GetFreqDomain_48M) for RCC_PLL_GetFreqDomain_48M
    stm32g4xx_ll_rcc.o(i.LL_RCC_GetRNGClockFreq) refers to stm32g4xx_ll_rcc.o(i.LL_RCC_HSI48_IsReady) for LL_RCC_HSI48_IsReady
    stm32g4xx_ll_rcc.o(i.LL_RCC_GetSAIClockFreq) refers to stm32g4xx_ll_rcc.o(i.RCC_GetSystemClockFreq) for RCC_GetSystemClockFreq
    stm32g4xx_ll_rcc.o(i.LL_RCC_GetSAIClockFreq) refers to stm32g4xx_ll_rcc.o(i.LL_RCC_PLL_IsReady) for LL_RCC_PLL_IsReady
    stm32g4xx_ll_rcc.o(i.LL_RCC_GetSAIClockFreq) refers to stm32g4xx_ll_rcc.o(i.RCC_PLL_GetFreqDomain_48M) for RCC_PLL_GetFreqDomain_48M
    stm32g4xx_ll_rcc.o(i.LL_RCC_GetSAIClockFreq) refers to stm32g4xx_ll_rcc.o(i.LL_RCC_HSI_IsReady) for LL_RCC_HSI_IsReady
    stm32g4xx_ll_rcc.o(i.LL_RCC_GetSystemClocksFreq) refers to stm32g4xx_ll_rcc.o(i.RCC_GetSystemClockFreq) for RCC_GetSystemClockFreq
    stm32g4xx_ll_rcc.o(i.LL_RCC_GetSystemClocksFreq) refers to stm32g4xx_ll_rcc.o(i.RCC_GetHCLKClockFreq) for RCC_GetHCLKClockFreq
    stm32g4xx_ll_rcc.o(i.LL_RCC_GetSystemClocksFreq) refers to stm32g4xx_ll_rcc.o(i.RCC_GetPCLK1ClockFreq) for RCC_GetPCLK1ClockFreq
    stm32g4xx_ll_rcc.o(i.LL_RCC_GetSystemClocksFreq) refers to stm32g4xx_ll_rcc.o(i.RCC_GetPCLK2ClockFreq) for RCC_GetPCLK2ClockFreq
    stm32g4xx_ll_rcc.o(i.LL_RCC_GetUARTClockFreq) refers to stm32g4xx_ll_rcc.o(i.RCC_GetSystemClockFreq) for RCC_GetSystemClockFreq
    stm32g4xx_ll_rcc.o(i.LL_RCC_GetUARTClockFreq) refers to stm32g4xx_ll_rcc.o(i.LL_RCC_HSI_IsReady) for LL_RCC_HSI_IsReady
    stm32g4xx_ll_rcc.o(i.LL_RCC_GetUARTClockFreq) refers to stm32g4xx_ll_rcc.o(i.LL_RCC_LSE_IsReady) for LL_RCC_LSE_IsReady
    stm32g4xx_ll_rcc.o(i.LL_RCC_GetUARTClockFreq) refers to stm32g4xx_ll_rcc.o(i.RCC_GetHCLKClockFreq) for RCC_GetHCLKClockFreq
    stm32g4xx_ll_rcc.o(i.LL_RCC_GetUARTClockFreq) refers to stm32g4xx_ll_rcc.o(i.RCC_GetPCLK1ClockFreq) for RCC_GetPCLK1ClockFreq
    stm32g4xx_ll_rcc.o(i.LL_RCC_GetUSARTClockFreq) refers to stm32g4xx_ll_rcc.o(i.LL_RCC_GetUSARTClockSource) for LL_RCC_GetUSARTClockSource
    stm32g4xx_ll_rcc.o(i.LL_RCC_GetUSARTClockFreq) refers to stm32g4xx_ll_rcc.o(i.RCC_GetSystemClockFreq) for RCC_GetSystemClockFreq
    stm32g4xx_ll_rcc.o(i.LL_RCC_GetUSARTClockFreq) refers to stm32g4xx_ll_rcc.o(i.LL_RCC_HSI_IsReady) for LL_RCC_HSI_IsReady
    stm32g4xx_ll_rcc.o(i.LL_RCC_GetUSARTClockFreq) refers to stm32g4xx_ll_rcc.o(i.LL_RCC_LSE_IsReady) for LL_RCC_LSE_IsReady
    stm32g4xx_ll_rcc.o(i.LL_RCC_GetUSARTClockFreq) refers to stm32g4xx_ll_rcc.o(i.RCC_GetHCLKClockFreq) for RCC_GetHCLKClockFreq
    stm32g4xx_ll_rcc.o(i.LL_RCC_GetUSARTClockFreq) refers to stm32g4xx_ll_rcc.o(i.RCC_GetPCLK2ClockFreq) for RCC_GetPCLK2ClockFreq
    stm32g4xx_ll_rcc.o(i.LL_RCC_GetUSARTClockFreq) refers to stm32g4xx_ll_rcc.o(i.RCC_GetPCLK1ClockFreq) for RCC_GetPCLK1ClockFreq
    stm32g4xx_ll_rcc.o(i.LL_RCC_GetUSBClockFreq) refers to stm32g4xx_ll_rcc.o(i.LL_RCC_PLL_IsReady) for LL_RCC_PLL_IsReady
    stm32g4xx_ll_rcc.o(i.LL_RCC_GetUSBClockFreq) refers to stm32g4xx_ll_rcc.o(i.RCC_PLL_GetFreqDomain_48M) for RCC_PLL_GetFreqDomain_48M
    stm32g4xx_ll_rcc.o(i.LL_RCC_GetUSBClockFreq) refers to stm32g4xx_ll_rcc.o(i.LL_RCC_HSI48_IsReady) for LL_RCC_HSI48_IsReady
    stm32g4xx_ll_rcc.o(i.RCC_GetHCLKClockFreq) refers to system_stm32g4xx.o(.constdata) for AHBPrescTable
    stm32g4xx_ll_rcc.o(i.RCC_GetPCLK1ClockFreq) refers to system_stm32g4xx.o(.constdata) for APBPrescTable
    stm32g4xx_ll_rcc.o(i.RCC_GetPCLK2ClockFreq) refers to system_stm32g4xx.o(.constdata) for APBPrescTable
    stm32g4xx_ll_rcc.o(i.RCC_GetSystemClockFreq) refers to stm32g4xx_ll_rcc.o(i.RCC_PLL_GetFreqDomain_SYS) for RCC_PLL_GetFreqDomain_SYS
    stm32g4xx_ll_rcc.o(i.RCC_PLL_GetFreqDomain_48M) refers to stm32g4xx_ll_rcc.o(i.LL_RCC_PLL_GetN) for LL_RCC_PLL_GetN
    stm32g4xx_ll_rcc.o(i.RCC_PLL_GetFreqDomain_ADC) refers to stm32g4xx_ll_rcc.o(i.LL_RCC_PLL_GetN) for LL_RCC_PLL_GetN
    stm32g4xx_ll_rcc.o(i.RCC_PLL_GetFreqDomain_SYS) refers to stm32g4xx_ll_rcc.o(i.LL_RCC_PLL_GetN) for LL_RCC_PLL_GetN
    stm32g4xx_ll_dma.o(i.LL_DMA_DeInit) refers to stm32g4xx_ll_dma.o(i.LL_AHB1_GRP1_ForceReset) for LL_AHB1_GRP1_ForceReset
    stm32g4xx_ll_dma.o(i.LL_DMA_DeInit) refers to stm32g4xx_ll_dma.o(i.LL_AHB1_GRP1_ReleaseReset) for LL_AHB1_GRP1_ReleaseReset
    stm32g4xx_ll_dma.o(i.LL_DMA_DeInit) refers to stm32g4xx_ll_dma.o(i.LL_DMA_SetPeriphRequest) for LL_DMA_SetPeriphRequest
    stm32g4xx_ll_dma.o(i.LL_DMA_Init) refers to stm32g4xx_ll_dma.o(i.LL_DMA_SetPeriphRequest) for LL_DMA_SetPeriphRequest
    stm32g4xx_ll_dma.o(i.LL_DMA_Init) refers to stm32g4xx_ll_dma.o(.constdata) for CHANNEL_OFFSET_TAB
    system_stm32g4xx.o(i.SystemCoreClockUpdate) refers to system_stm32g4xx.o(.data) for SystemCoreClock
    system_stm32g4xx.o(i.SystemCoreClockUpdate) refers to system_stm32g4xx.o(.constdata) for AHBPrescTable
    entry.o(.ARM.Collect$$$$00000000) refers (Special) to entry10a.o(.ARM.Collect$$$$0000000D) for __rt_final_cpp
    entry.o(.ARM.Collect$$$$00000000) refers (Special) to entry11a.o(.ARM.Collect$$$$0000000F) for __rt_final_exit
    entry.o(.ARM.Collect$$$$00000000) refers (Special) to entry7b.o(.ARM.Collect$$$$00000008) for _main_clock
    entry.o(.ARM.Collect$$$$00000000) refers (Special) to entry8b.o(.ARM.Collect$$$$0000000A) for _main_cpp_init
    entry.o(.ARM.Collect$$$$00000000) refers (Special) to entry9a.o(.ARM.Collect$$$$0000000B) for _main_init
    entry.o(.ARM.Collect$$$$00000000) refers (Special) to entry5.o(.ARM.Collect$$$$00000004) for _main_scatterload
    entry.o(.ARM.Collect$$$$00000000) refers (Special) to entry2.o(.ARM.Collect$$$$00000001) for _main_stk
    printfb.o(i.__0fprintf$bare) refers to printfb.o(i._printf_core) for _printf_core
    printfb.o(i.__0fprintf$bare) refers to main.o(i.fputc) for fputc
    printfb.o(i.__0printf$bare) refers to printfb.o(i._printf_core) for _printf_core
    printfb.o(i.__0printf$bare) refers to main.o(i.fputc) for fputc
    printfb.o(i.__0printf$bare) refers to stdout.o(.data) for __stdout
    printfb.o(i.__0snprintf$bare) refers to printfb.o(i._printf_core) for _printf_core
    printfb.o(i.__0snprintf$bare) refers to printfb.o(i._snputc) for _snputc
    printfb.o(i.__0sprintf$bare) refers to printfb.o(i._printf_core) for _printf_core
    printfb.o(i.__0sprintf$bare) refers to printfb.o(i._sputc) for _sputc
    printfb.o(i.__0vfprintf$bare) refers to printfb.o(i._printf_core) for _printf_core
    printfb.o(i.__0vfprintf$bare) refers to main.o(i.fputc) for fputc
    printfb.o(i.__0vprintf$bare) refers to printfb.o(i._printf_core) for _printf_core
    printfb.o(i.__0vprintf$bare) refers to main.o(i.fputc) for fputc
    printfb.o(i.__0vprintf$bare) refers to stdout.o(.data) for __stdout
    printfb.o(i.__0vsnprintf$bare) refers to printfb.o(i._printf_core) for _printf_core
    printfb.o(i.__0vsnprintf$bare) refers to printfb.o(i._snputc) for _snputc
    printfb.o(i.__0vsprintf$bare) refers to printfb.o(i._printf_core) for _printf_core
    printfb.o(i.__0vsprintf$bare) refers to printfb.o(i._sputc) for _sputc
    printf0.o(i.__0fprintf$0) refers to printf0.o(i._printf_core) for _printf_core
    printf0.o(i.__0fprintf$0) refers to main.o(i.fputc) for fputc
    printf0.o(i.__0printf$0) refers to printf0.o(i._printf_core) for _printf_core
    printf0.o(i.__0printf$0) refers to main.o(i.fputc) for fputc
    printf0.o(i.__0printf$0) refers to stdout.o(.data) for __stdout
    printf0.o(i.__0snprintf$0) refers to printf0.o(i._printf_core) for _printf_core
    printf0.o(i.__0snprintf$0) refers to printf0.o(i._snputc) for _snputc
    printf0.o(i.__0sprintf$0) refers to printf0.o(i._printf_core) for _printf_core
    printf0.o(i.__0sprintf$0) refers to printf0.o(i._sputc) for _sputc
    printf0.o(i.__0vfprintf$0) refers to printf0.o(i._printf_core) for _printf_core
    printf0.o(i.__0vfprintf$0) refers to main.o(i.fputc) for fputc
    printf0.o(i.__0vprintf$0) refers to printf0.o(i._printf_core) for _printf_core
    printf0.o(i.__0vprintf$0) refers to main.o(i.fputc) for fputc
    printf0.o(i.__0vprintf$0) refers to stdout.o(.data) for __stdout
    printf0.o(i.__0vsnprintf$0) refers to printf0.o(i._printf_core) for _printf_core
    printf0.o(i.__0vsnprintf$0) refers to printf0.o(i._snputc) for _snputc
    printf0.o(i.__0vsprintf$0) refers to printf0.o(i._printf_core) for _printf_core
    printf0.o(i.__0vsprintf$0) refers to printf0.o(i._sputc) for _sputc
    printf1.o(i.__0fprintf$1) refers to printf1.o(i._printf_core) for _printf_core
    printf1.o(i.__0fprintf$1) refers to main.o(i.fputc) for fputc
    printf1.o(i.__0printf$1) refers to printf1.o(i._printf_core) for _printf_core
    printf1.o(i.__0printf$1) refers to main.o(i.fputc) for fputc
    printf1.o(i.__0printf$1) refers to stdout.o(.data) for __stdout
    printf1.o(i.__0snprintf$1) refers to printf1.o(i._printf_core) for _printf_core
    printf1.o(i.__0snprintf$1) refers to printf1.o(i._snputc) for _snputc
    printf1.o(i.__0sprintf$1) refers to printf1.o(i._printf_core) for _printf_core
    printf1.o(i.__0sprintf$1) refers to printf1.o(i._sputc) for _sputc
    printf1.o(i.__0vfprintf$1) refers to printf1.o(i._printf_core) for _printf_core
    printf1.o(i.__0vfprintf$1) refers to main.o(i.fputc) for fputc
    printf1.o(i.__0vprintf$1) refers to printf1.o(i._printf_core) for _printf_core
    printf1.o(i.__0vprintf$1) refers to main.o(i.fputc) for fputc
    printf1.o(i.__0vprintf$1) refers to stdout.o(.data) for __stdout
    printf1.o(i.__0vsnprintf$1) refers to printf1.o(i._printf_core) for _printf_core
    printf1.o(i.__0vsnprintf$1) refers to printf1.o(i._snputc) for _snputc
    printf1.o(i.__0vsprintf$1) refers to printf1.o(i._printf_core) for _printf_core
    printf1.o(i.__0vsprintf$1) refers to printf1.o(i._sputc) for _sputc
    printf1.o(i._printf_core) refers to uidiv.o(.text) for __aeabi_uidivmod
    printf2.o(i.__0fprintf$2) refers to printf2.o(i._printf_core) for _printf_core
    printf2.o(i.__0fprintf$2) refers to main.o(i.fputc) for fputc
    printf2.o(i.__0printf$2) refers to printf2.o(i._printf_core) for _printf_core
    printf2.o(i.__0printf$2) refers to main.o(i.fputc) for fputc
    printf2.o(i.__0printf$2) refers to stdout.o(.data) for __stdout
    printf2.o(i.__0snprintf$2) refers to printf2.o(i._printf_core) for _printf_core
    printf2.o(i.__0snprintf$2) refers to printf2.o(i._snputc) for _snputc
    printf2.o(i.__0sprintf$2) refers to printf2.o(i._printf_core) for _printf_core
    printf2.o(i.__0sprintf$2) refers to printf2.o(i._sputc) for _sputc
    printf2.o(i.__0vfprintf$2) refers to printf2.o(i._printf_core) for _printf_core
    printf2.o(i.__0vfprintf$2) refers to main.o(i.fputc) for fputc
    printf2.o(i.__0vprintf$2) refers to printf2.o(i._printf_core) for _printf_core
    printf2.o(i.__0vprintf$2) refers to main.o(i.fputc) for fputc
    printf2.o(i.__0vprintf$2) refers to stdout.o(.data) for __stdout
    printf2.o(i.__0vsnprintf$2) refers to printf2.o(i._printf_core) for _printf_core
    printf2.o(i.__0vsnprintf$2) refers to printf2.o(i._snputc) for _snputc
    printf2.o(i.__0vsprintf$2) refers to printf2.o(i._printf_core) for _printf_core
    printf2.o(i.__0vsprintf$2) refers to printf2.o(i._sputc) for _sputc
    printf3.o(i.__0fprintf$3) refers to printf3.o(i._printf_core) for _printf_core
    printf3.o(i.__0fprintf$3) refers to main.o(i.fputc) for fputc
    printf3.o(i.__0printf$3) refers to printf3.o(i._printf_core) for _printf_core
    printf3.o(i.__0printf$3) refers to main.o(i.fputc) for fputc
    printf3.o(i.__0printf$3) refers to stdout.o(.data) for __stdout
    printf3.o(i.__0snprintf$3) refers to printf3.o(i._printf_core) for _printf_core
    printf3.o(i.__0snprintf$3) refers to printf3.o(i._snputc) for _snputc
    printf3.o(i.__0sprintf$3) refers to printf3.o(i._printf_core) for _printf_core
    printf3.o(i.__0sprintf$3) refers to printf3.o(i._sputc) for _sputc
    printf3.o(i.__0vfprintf$3) refers to printf3.o(i._printf_core) for _printf_core
    printf3.o(i.__0vfprintf$3) refers to main.o(i.fputc) for fputc
    printf3.o(i.__0vprintf$3) refers to printf3.o(i._printf_core) for _printf_core
    printf3.o(i.__0vprintf$3) refers to main.o(i.fputc) for fputc
    printf3.o(i.__0vprintf$3) refers to stdout.o(.data) for __stdout
    printf3.o(i.__0vsnprintf$3) refers to printf3.o(i._printf_core) for _printf_core
    printf3.o(i.__0vsnprintf$3) refers to printf3.o(i._snputc) for _snputc
    printf3.o(i.__0vsprintf$3) refers to printf3.o(i._printf_core) for _printf_core
    printf3.o(i.__0vsprintf$3) refers to printf3.o(i._sputc) for _sputc
    printf3.o(i._printf_core) refers to uidiv.o(.text) for __aeabi_uidivmod
    printf4.o(i.__0fprintf$4) refers to printf4.o(i._printf_core) for _printf_core
    printf4.o(i.__0fprintf$4) refers to main.o(i.fputc) for fputc
    printf4.o(i.__0printf$4) refers to printf4.o(i._printf_core) for _printf_core
    printf4.o(i.__0printf$4) refers to main.o(i.fputc) for fputc
    printf4.o(i.__0printf$4) refers to stdout.o(.data) for __stdout
    printf4.o(i.__0snprintf$4) refers to printf4.o(i._printf_core) for _printf_core
    printf4.o(i.__0snprintf$4) refers to printf4.o(i._snputc) for _snputc
    printf4.o(i.__0sprintf$4) refers to printf4.o(i._printf_core) for _printf_core
    printf4.o(i.__0sprintf$4) refers to printf4.o(i._sputc) for _sputc
    printf4.o(i.__0vfprintf$4) refers to printf4.o(i._printf_core) for _printf_core
    printf4.o(i.__0vfprintf$4) refers to main.o(i.fputc) for fputc
    printf4.o(i.__0vprintf$4) refers to printf4.o(i._printf_core) for _printf_core
    printf4.o(i.__0vprintf$4) refers to main.o(i.fputc) for fputc
    printf4.o(i.__0vprintf$4) refers to stdout.o(.data) for __stdout
    printf4.o(i.__0vsnprintf$4) refers to printf4.o(i._printf_core) for _printf_core
    printf4.o(i.__0vsnprintf$4) refers to printf4.o(i._snputc) for _snputc
    printf4.o(i.__0vsprintf$4) refers to printf4.o(i._printf_core) for _printf_core
    printf4.o(i.__0vsprintf$4) refers to printf4.o(i._sputc) for _sputc
    printf4.o(i._printf_core) refers to uldiv.o(.text) for __aeabi_uldivmod
    printf5.o(i.__0fprintf$5) refers to printf5.o(i._printf_core) for _printf_core
    printf5.o(i.__0fprintf$5) refers to main.o(i.fputc) for fputc
    printf5.o(i.__0printf$5) refers to printf5.o(i._printf_core) for _printf_core
    printf5.o(i.__0printf$5) refers to main.o(i.fputc) for fputc
    printf5.o(i.__0printf$5) refers to stdout.o(.data) for __stdout
    printf5.o(i.__0snprintf$5) refers to printf5.o(i._printf_core) for _printf_core
    printf5.o(i.__0snprintf$5) refers to printf5.o(i._snputc) for _snputc
    printf5.o(i.__0sprintf$5) refers to printf5.o(i._printf_core) for _printf_core
    printf5.o(i.__0sprintf$5) refers to printf5.o(i._sputc) for _sputc
    printf5.o(i.__0vfprintf$5) refers to printf5.o(i._printf_core) for _printf_core
    printf5.o(i.__0vfprintf$5) refers to main.o(i.fputc) for fputc
    printf5.o(i.__0vprintf$5) refers to printf5.o(i._printf_core) for _printf_core
    printf5.o(i.__0vprintf$5) refers to main.o(i.fputc) for fputc
    printf5.o(i.__0vprintf$5) refers to stdout.o(.data) for __stdout
    printf5.o(i.__0vsnprintf$5) refers to printf5.o(i._printf_core) for _printf_core
    printf5.o(i.__0vsnprintf$5) refers to printf5.o(i._snputc) for _snputc
    printf5.o(i.__0vsprintf$5) refers to printf5.o(i._printf_core) for _printf_core
    printf5.o(i.__0vsprintf$5) refers to printf5.o(i._sputc) for _sputc
    printf5.o(i._printf_core) refers to uldiv.o(.text) for __aeabi_uldivmod
    printf6.o(i.__0fprintf$6) refers to printf6.o(i._printf_core) for _printf_core
    printf6.o(i.__0fprintf$6) refers to main.o(i.fputc) for fputc
    printf6.o(i.__0printf$6) refers to printf6.o(i._printf_core) for _printf_core
    printf6.o(i.__0printf$6) refers to main.o(i.fputc) for fputc
    printf6.o(i.__0printf$6) refers to stdout.o(.data) for __stdout
    printf6.o(i.__0snprintf$6) refers to printf6.o(i._printf_core) for _printf_core
    printf6.o(i.__0snprintf$6) refers to printf6.o(i._snputc) for _snputc
    printf6.o(i.__0sprintf$6) refers to printf6.o(i._printf_core) for _printf_core
    printf6.o(i.__0sprintf$6) refers to printf6.o(i._sputc) for _sputc
    printf6.o(i.__0vfprintf$6) refers to printf6.o(i._printf_core) for _printf_core
    printf6.o(i.__0vfprintf$6) refers to main.o(i.fputc) for fputc
    printf6.o(i.__0vprintf$6) refers to printf6.o(i._printf_core) for _printf_core
    printf6.o(i.__0vprintf$6) refers to main.o(i.fputc) for fputc
    printf6.o(i.__0vprintf$6) refers to stdout.o(.data) for __stdout
    printf6.o(i.__0vsnprintf$6) refers to printf6.o(i._printf_core) for _printf_core
    printf6.o(i.__0vsnprintf$6) refers to printf6.o(i._snputc) for _snputc
    printf6.o(i.__0vsprintf$6) refers to printf6.o(i._printf_core) for _printf_core
    printf6.o(i.__0vsprintf$6) refers to printf6.o(i._sputc) for _sputc
    printf6.o(i._printf_core) refers to printf6.o(i._printf_pre_padding) for _printf_pre_padding
    printf6.o(i._printf_core) refers to uidiv.o(.text) for __aeabi_uidivmod
    printf6.o(i._printf_core) refers to printf6.o(i._printf_post_padding) for _printf_post_padding
    printf7.o(i.__0fprintf$7) refers to printf7.o(i._printf_core) for _printf_core
    printf7.o(i.__0fprintf$7) refers to main.o(i.fputc) for fputc
    printf7.o(i.__0printf$7) refers to printf7.o(i._printf_core) for _printf_core
    printf7.o(i.__0printf$7) refers to main.o(i.fputc) for fputc
    printf7.o(i.__0printf$7) refers to stdout.o(.data) for __stdout
    printf7.o(i.__0snprintf$7) refers to printf7.o(i._printf_core) for _printf_core
    printf7.o(i.__0snprintf$7) refers to printf7.o(i._snputc) for _snputc
    printf7.o(i.__0sprintf$7) refers to printf7.o(i._printf_core) for _printf_core
    printf7.o(i.__0sprintf$7) refers to printf7.o(i._sputc) for _sputc
    printf7.o(i.__0vfprintf$7) refers to printf7.o(i._printf_core) for _printf_core
    printf7.o(i.__0vfprintf$7) refers to main.o(i.fputc) for fputc
    printf7.o(i.__0vprintf$7) refers to printf7.o(i._printf_core) for _printf_core
    printf7.o(i.__0vprintf$7) refers to main.o(i.fputc) for fputc
    printf7.o(i.__0vprintf$7) refers to stdout.o(.data) for __stdout
    printf7.o(i.__0vsnprintf$7) refers to printf7.o(i._printf_core) for _printf_core
    printf7.o(i.__0vsnprintf$7) refers to printf7.o(i._snputc) for _snputc
    printf7.o(i.__0vsprintf$7) refers to printf7.o(i._printf_core) for _printf_core
    printf7.o(i.__0vsprintf$7) refers to printf7.o(i._sputc) for _sputc
    printf7.o(i._printf_core) refers to printf7.o(i._printf_pre_padding) for _printf_pre_padding
    printf7.o(i._printf_core) refers to uldiv.o(.text) for __aeabi_uldivmod
    printf7.o(i._printf_core) refers to printf7.o(i._printf_post_padding) for _printf_post_padding
    printf8.o(i.__0fprintf$8) refers to printf8.o(i._printf_core) for _printf_core
    printf8.o(i.__0fprintf$8) refers to main.o(i.fputc) for fputc
    printf8.o(i.__0printf$8) refers to printf8.o(i._printf_core) for _printf_core
    printf8.o(i.__0printf$8) refers to main.o(i.fputc) for fputc
    printf8.o(i.__0printf$8) refers to stdout.o(.data) for __stdout
    printf8.o(i.__0snprintf$8) refers to printf8.o(i._printf_core) for _printf_core
    printf8.o(i.__0snprintf$8) refers to printf8.o(i._snputc) for _snputc
    printf8.o(i.__0sprintf$8) refers to printf8.o(i._printf_core) for _printf_core
    printf8.o(i.__0sprintf$8) refers to printf8.o(i._sputc) for _sputc
    printf8.o(i.__0vfprintf$8) refers to printf8.o(i._printf_core) for _printf_core
    printf8.o(i.__0vfprintf$8) refers to main.o(i.fputc) for fputc
    printf8.o(i.__0vprintf$8) refers to printf8.o(i._printf_core) for _printf_core
    printf8.o(i.__0vprintf$8) refers to main.o(i.fputc) for fputc
    printf8.o(i.__0vprintf$8) refers to stdout.o(.data) for __stdout
    printf8.o(i.__0vsnprintf$8) refers to printf8.o(i._printf_core) for _printf_core
    printf8.o(i.__0vsnprintf$8) refers to printf8.o(i._snputc) for _snputc
    printf8.o(i.__0vsprintf$8) refers to printf8.o(i._printf_core) for _printf_core
    printf8.o(i.__0vsprintf$8) refers to printf8.o(i._sputc) for _sputc
    printf8.o(i._printf_core) refers to printf8.o(i._printf_pre_padding) for _printf_pre_padding
    printf8.o(i._printf_core) refers to uldiv.o(.text) for __aeabi_uldivmod
    printf8.o(i._printf_core) refers to printf8.o(i._printf_post_padding) for _printf_post_padding
    printfa.o(i.__0fprintf) refers (Special) to iusefp.o(.text) for __I$use$fp
    printfa.o(i.__0fprintf) refers to printfa.o(i._printf_core) for _printf_core
    printfa.o(i.__0fprintf) refers to main.o(i.fputc) for fputc
    printfa.o(i.__0printf) refers (Special) to iusefp.o(.text) for __I$use$fp
    printfa.o(i.__0printf) refers to printfa.o(i._printf_core) for _printf_core
    printfa.o(i.__0printf) refers to main.o(i.fputc) for fputc
    printfa.o(i.__0printf) refers to stdout.o(.data) for __stdout
    printfa.o(i.__0snprintf) refers (Special) to iusefp.o(.text) for __I$use$fp
    printfa.o(i.__0snprintf) refers to printfa.o(i._printf_core) for _printf_core
    printfa.o(i.__0snprintf) refers to printfa.o(i._snputc) for _snputc
    printfa.o(i.__0sprintf) refers (Special) to iusefp.o(.text) for __I$use$fp
    printfa.o(i.__0sprintf) refers to printfa.o(i._printf_core) for _printf_core
    printfa.o(i.__0sprintf) refers to printfa.o(i._sputc) for _sputc
    printfa.o(i.__0vfprintf) refers (Special) to iusefp.o(.text) for __I$use$fp
    printfa.o(i.__0vfprintf) refers to printfa.o(i._printf_core) for _printf_core
    printfa.o(i.__0vfprintf) refers to main.o(i.fputc) for fputc
    printfa.o(i.__0vprintf) refers (Special) to iusefp.o(.text) for __I$use$fp
    printfa.o(i.__0vprintf) refers to printfa.o(i._printf_core) for _printf_core
    printfa.o(i.__0vprintf) refers to main.o(i.fputc) for fputc
    printfa.o(i.__0vprintf) refers to stdout.o(.data) for __stdout
    printfa.o(i.__0vsnprintf) refers (Special) to iusefp.o(.text) for __I$use$fp
    printfa.o(i.__0vsnprintf) refers to printfa.o(i._printf_core) for _printf_core
    printfa.o(i.__0vsnprintf) refers to printfa.o(i._snputc) for _snputc
    printfa.o(i.__0vsprintf) refers (Special) to iusefp.o(.text) for __I$use$fp
    printfa.o(i.__0vsprintf) refers to printfa.o(i._printf_core) for _printf_core
    printfa.o(i.__0vsprintf) refers to printfa.o(i._sputc) for _sputc
    printfa.o(i._fp_digits) refers (Special) to iusefp.o(.text) for __I$use$fp
    printfa.o(i._fp_digits) refers to dmul.o(.text) for __aeabi_dmul
    printfa.o(i._fp_digits) refers to ddiv.o(.text) for __aeabi_ddiv
    printfa.o(i._fp_digits) refers to cdrcmple.o(.text) for __aeabi_cdrcmple
    printfa.o(i._fp_digits) refers to dadd.o(.text) for __aeabi_dadd
    printfa.o(i._fp_digits) refers to dfixul.o(.text) for __aeabi_d2ulz
    printfa.o(i._fp_digits) refers to uldiv.o(.text) for __aeabi_uldivmod
    printfa.o(i._printf_core) refers (Special) to iusefp.o(.text) for __I$use$fp
    printfa.o(i._printf_core) refers to printfa.o(i._printf_pre_padding) for _printf_pre_padding
    printfa.o(i._printf_core) refers to uldiv.o(.text) for __aeabi_uldivmod
    printfa.o(i._printf_core) refers to printfa.o(i._printf_post_padding) for _printf_post_padding
    printfa.o(i._printf_core) refers to printfa.o(i._fp_digits) for _fp_digits
    printfa.o(i._printf_core) refers to uidiv.o(.text) for __aeabi_uidivmod
    printfa.o(i._printf_post_padding) refers (Special) to iusefp.o(.text) for __I$use$fp
    printfa.o(i._printf_pre_padding) refers (Special) to iusefp.o(.text) for __I$use$fp
    printfa.o(i._snputc) refers (Special) to iusefp.o(.text) for __I$use$fp
    printfa.o(i._sputc) refers (Special) to iusefp.o(.text) for __I$use$fp
    entry2.o(.ARM.Collect$$$$00000001) refers to entry2.o(.ARM.Collect$$$$00002712) for __lit__00000000
    entry2.o(.ARM.Collect$$$$00002712) refers to startup_stm32g431xx.o(STACK) for __initial_sp
    entry2.o(__vectab_stack_and_reset_area) refers to startup_stm32g431xx.o(STACK) for __initial_sp
    entry2.o(__vectab_stack_and_reset_area) refers to entry.o(.ARM.Collect$$$$00000000) for __main
    entry5.o(.ARM.Collect$$$$00000004) refers to init.o(.text) for __scatterload
    entry9a.o(.ARM.Collect$$$$0000000B) refers to main.o(i.main) for main
    entry9b.o(.ARM.Collect$$$$0000000C) refers to main.o(i.main) for main
    uldiv.o(.text) refers to llushr.o(.text) for __aeabi_llsr
    uldiv.o(.text) refers to llshl.o(.text) for __aeabi_llsl
    dadd.o(.text) refers to llshl.o(.text) for __aeabi_llsl
    dadd.o(.text) refers to llsshr.o(.text) for __aeabi_lasr
    dadd.o(.text) refers to depilogue.o(.text) for _double_epilogue
    dmul.o(.text) refers to depilogue.o(.text) for _double_epilogue
    ddiv.o(.text) refers to depilogue.o(.text) for _double_round
    dfixul.o(.text) refers to llushr.o(.text) for __aeabi_llsr
    dfixul.o(.text) refers to llshl.o(.text) for __aeabi_llsl
    init.o(.text) refers to entry5.o(.ARM.Collect$$$$00000004) for __main_after_scatterload
    depilogue.o(.text) refers to llshl.o(.text) for __aeabi_llsl
    depilogue.o(.text) refers to llushr.o(.text) for __aeabi_llsr


==============================================================================

Removing Unused input sections from the image.

    Removing startup_stm32g431xx.o(HEAP), (512 bytes).
    Removing main.o(.rev16_text), (4 bytes).
    Removing main.o(.revsh_text), (4 bytes).
    Removing main.o(.rrx_text), (6 bytes).
    Removing main.o(i.Error_Handler), (76 bytes).
    Removing main.o(.constdata), (56 bytes).
    Removing gpio.o(.rev16_text), (4 bytes).
    Removing gpio.o(.revsh_text), (4 bytes).
    Removing gpio.o(.rrx_text), (6 bytes).
    Removing gpio.o(.constdata), (56 bytes).
    Removing usart.o(.rev16_text), (4 bytes).
    Removing usart.o(.revsh_text), (4 bytes).
    Removing usart.o(.rrx_text), (6 bytes).
    Removing usart.o(.constdata), (56 bytes).
    Removing stm32g4xx_it.o(.rev16_text), (4 bytes).
    Removing stm32g4xx_it.o(.revsh_text), (4 bytes).
    Removing stm32g4xx_it.o(.rrx_text), (6 bytes).
    Removing stm32g4xx_it.o(.constdata), (56 bytes).
    Removing stm32g4xx_ll_utils.o(.rev16_text), (4 bytes).
    Removing stm32g4xx_ll_utils.o(.revsh_text), (4 bytes).
    Removing stm32g4xx_ll_utils.o(.rrx_text), (6 bytes).
    Removing stm32g4xx_ll_utils.o(i.LL_PLL_ConfigSystemClock_HSE), (188 bytes).
    Removing stm32g4xx_ll_utils.o(i.LL_PLL_ConfigSystemClock_HSI), (144 bytes).
    Removing stm32g4xx_ll_utils.o(i.LL_RCC_HSE_IsReady), (16 bytes).
    Removing stm32g4xx_ll_utils.o(i.LL_RCC_HSI_IsReady), (16 bytes).
    Removing stm32g4xx_ll_utils.o(i.LL_RCC_PLL_ConfigDomain_SYS), (36 bytes).
    Removing stm32g4xx_ll_utils.o(i.LL_RCC_PLL_IsReady), (16 bytes).
    Removing stm32g4xx_ll_utils.o(i.LL_RCC_SetAHBPrescaler), (20 bytes).
    Removing stm32g4xx_ll_utils.o(i.UTILS_EnablePLLAndSwitchSystem), (208 bytes).
    Removing stm32g4xx_ll_utils.o(i.UTILS_GetPLLOutputFrequency), (38 bytes).
    Removing stm32g4xx_ll_utils.o(i.UTILS_PLL_IsBusy), (16 bytes).
    Removing stm32g4xx_ll_utils.o(i.UTILS_SetFlashLatency), (212 bytes).
    Removing stm32g4xx_ll_exti.o(.rev16_text), (4 bytes).
    Removing stm32g4xx_ll_exti.o(.revsh_text), (4 bytes).
    Removing stm32g4xx_ll_exti.o(.rrx_text), (6 bytes).
    Removing stm32g4xx_ll_exti.o(i.LL_EXTI_DeInit), (80 bytes).
    Removing stm32g4xx_ll_exti.o(i.LL_EXTI_DisableEvent_0_31), (16 bytes).
    Removing stm32g4xx_ll_exti.o(i.LL_EXTI_DisableEvent_32_63), (16 bytes).
    Removing stm32g4xx_ll_exti.o(i.LL_EXTI_DisableIT_0_31), (16 bytes).
    Removing stm32g4xx_ll_exti.o(i.LL_EXTI_DisableIT_32_63), (16 bytes).
    Removing stm32g4xx_ll_exti.o(i.LL_EXTI_EnableEvent_0_31), (16 bytes).
    Removing stm32g4xx_ll_exti.o(i.LL_EXTI_EnableEvent_32_63), (16 bytes).
    Removing stm32g4xx_ll_exti.o(i.LL_EXTI_EnableFallingTrig_0_31), (16 bytes).
    Removing stm32g4xx_ll_exti.o(i.LL_EXTI_EnableFallingTrig_32_63), (16 bytes).
    Removing stm32g4xx_ll_exti.o(i.LL_EXTI_EnableIT_0_31), (16 bytes).
    Removing stm32g4xx_ll_exti.o(i.LL_EXTI_EnableIT_32_63), (16 bytes).
    Removing stm32g4xx_ll_exti.o(i.LL_EXTI_EnableRisingTrig_0_31), (16 bytes).
    Removing stm32g4xx_ll_exti.o(i.LL_EXTI_EnableRisingTrig_32_63), (16 bytes).
    Removing stm32g4xx_ll_exti.o(i.LL_EXTI_Init), (368 bytes).
    Removing stm32g4xx_ll_exti.o(i.LL_EXTI_StructInit), (16 bytes).
    Removing stm32g4xx_ll_gpio.o(.rev16_text), (4 bytes).
    Removing stm32g4xx_ll_gpio.o(.revsh_text), (4 bytes).
    Removing stm32g4xx_ll_gpio.o(.rrx_text), (6 bytes).
    Removing stm32g4xx_ll_gpio.o(i.LL_AHB2_GRP1_ForceReset), (16 bytes).
    Removing stm32g4xx_ll_gpio.o(i.LL_AHB2_GRP1_ReleaseReset), (16 bytes).
    Removing stm32g4xx_ll_gpio.o(i.LL_GPIO_DeInit), (176 bytes).
    Removing stm32g4xx_ll_gpio.o(i.LL_GPIO_StructInit), (22 bytes).
    Removing stm32g4xx_ll_pwr.o(.rev16_text), (4 bytes).
    Removing stm32g4xx_ll_pwr.o(.revsh_text), (4 bytes).
    Removing stm32g4xx_ll_pwr.o(.rrx_text), (6 bytes).
    Removing stm32g4xx_ll_pwr.o(i.LL_PWR_DeInit), (36 bytes).
    Removing stm32g4xx_ll_usart.o(.rev16_text), (4 bytes).
    Removing stm32g4xx_ll_usart.o(.revsh_text), (4 bytes).
    Removing stm32g4xx_ll_usart.o(.rrx_text), (6 bytes).
    Removing stm32g4xx_ll_usart.o(i.LL_APB1_GRP1_ForceReset), (16 bytes).
    Removing stm32g4xx_ll_usart.o(i.LL_APB1_GRP1_ReleaseReset), (16 bytes).
    Removing stm32g4xx_ll_usart.o(i.LL_USART_ClockInit), (66 bytes).
    Removing stm32g4xx_ll_usart.o(i.LL_USART_ClockStructInit), (12 bytes).
    Removing stm32g4xx_ll_usart.o(i.LL_USART_DeInit), (140 bytes).
    Removing stm32g4xx_ll_usart.o(i.LL_USART_StructInit), (30 bytes).
    Removing stm32g4xx_ll_rcc.o(.rev16_text), (4 bytes).
    Removing stm32g4xx_ll_rcc.o(.revsh_text), (4 bytes).
    Removing stm32g4xx_ll_rcc.o(.rrx_text), (6 bytes).
    Removing stm32g4xx_ll_rcc.o(i.LL_RCC_DeInit), (136 bytes).
    Removing stm32g4xx_ll_rcc.o(i.LL_RCC_GetADCClockFreq), (104 bytes).
    Removing stm32g4xx_ll_rcc.o(i.LL_RCC_GetFDCANClockFreq), (108 bytes).
    Removing stm32g4xx_ll_rcc.o(i.LL_RCC_GetI2CClockFreq), (252 bytes).
    Removing stm32g4xx_ll_rcc.o(i.LL_RCC_GetI2CClockSource), (40 bytes).
    Removing stm32g4xx_ll_rcc.o(i.LL_RCC_GetI2SClockFreq), (100 bytes).
    Removing stm32g4xx_ll_rcc.o(i.LL_RCC_GetLPTIMClockFreq), (124 bytes).
    Removing stm32g4xx_ll_rcc.o(i.LL_RCC_GetLPUARTClockFreq), (108 bytes).
    Removing stm32g4xx_ll_rcc.o(i.LL_RCC_GetRNGClockFreq), (68 bytes).
    Removing stm32g4xx_ll_rcc.o(i.LL_RCC_GetSAIClockFreq), (100 bytes).
    Removing stm32g4xx_ll_rcc.o(i.LL_RCC_GetSystemClocksFreq), (36 bytes).
    Removing stm32g4xx_ll_rcc.o(i.LL_RCC_GetUSBClockFreq), (68 bytes).
    Removing stm32g4xx_ll_rcc.o(i.LL_RCC_HSI48_IsReady), (16 bytes).
    Removing stm32g4xx_ll_rcc.o(i.LL_RCC_PLL_IsReady), (16 bytes).
    Removing stm32g4xx_ll_rcc.o(i.RCC_PLL_GetFreqDomain_48M), (96 bytes).
    Removing stm32g4xx_ll_rcc.o(i.RCC_PLL_GetFreqDomain_ADC), (128 bytes).
    Removing stm32g4xx_ll_dma.o(.rev16_text), (4 bytes).
    Removing stm32g4xx_ll_dma.o(.revsh_text), (4 bytes).
    Removing stm32g4xx_ll_dma.o(.rrx_text), (6 bytes).
    Removing stm32g4xx_ll_dma.o(i.LL_AHB1_GRP1_ForceReset), (16 bytes).
    Removing stm32g4xx_ll_dma.o(i.LL_AHB1_GRP1_ReleaseReset), (16 bytes).
    Removing stm32g4xx_ll_dma.o(i.LL_DMA_DeInit), (368 bytes).
    Removing stm32g4xx_ll_dma.o(i.LL_DMA_Init), (136 bytes).
    Removing stm32g4xx_ll_dma.o(i.LL_DMA_SetPeriphRequest), (48 bytes).
    Removing stm32g4xx_ll_dma.o(i.LL_DMA_StructInit), (26 bytes).
    Removing stm32g4xx_ll_dma.o(.constdata), (6 bytes).
    Removing system_stm32g4xx.o(.rev16_text), (4 bytes).
    Removing system_stm32g4xx.o(.revsh_text), (4 bytes).
    Removing system_stm32g4xx.o(.rrx_text), (6 bytes).
    Removing system_stm32g4xx.o(i.SystemCoreClockUpdate), (156 bytes).
    Removing dadd.o(.text), (334 bytes).
    Removing dmul.o(.text), (228 bytes).
    Removing ddiv.o(.text), (222 bytes).
    Removing dfixul.o(.text), (48 bytes).
    Removing cdrcmple.o(.text), (48 bytes).
    Removing depilogue.o(.text), (186 bytes).

109 unused section(s) (total 6430 bytes) removed from the image.

==============================================================================

Image Symbol Table

    Local Symbols

    Symbol Name                              Value     Ov Type        Size  Object(Section)

    ../Drivers/STM32G4xx_HAL_Driver/Src/stm32g4xx_ll_dma.c 0x00000000   Number         0  stm32g4xx_ll_dma.o ABSOLUTE
    ../Drivers/STM32G4xx_HAL_Driver/Src/stm32g4xx_ll_exti.c 0x00000000   Number         0  stm32g4xx_ll_exti.o ABSOLUTE
    ../Drivers/STM32G4xx_HAL_Driver/Src/stm32g4xx_ll_gpio.c 0x00000000   Number         0  stm32g4xx_ll_gpio.o ABSOLUTE
    ../Drivers/STM32G4xx_HAL_Driver/Src/stm32g4xx_ll_pwr.c 0x00000000   Number         0  stm32g4xx_ll_pwr.o ABSOLUTE
    ../Drivers/STM32G4xx_HAL_Driver/Src/stm32g4xx_ll_rcc.c 0x00000000   Number         0  stm32g4xx_ll_rcc.o ABSOLUTE
    ../Drivers/STM32G4xx_HAL_Driver/Src/stm32g4xx_ll_usart.c 0x00000000   Number         0  stm32g4xx_ll_usart.o ABSOLUTE
    ../Drivers/STM32G4xx_HAL_Driver/Src/stm32g4xx_ll_utils.c 0x00000000   Number         0  stm32g4xx_ll_utils.o ABSOLUTE
    ../Src/gpio.c                            0x00000000   Number         0  gpio.o ABSOLUTE
    ../Src/main.c                            0x00000000   Number         0  main.o ABSOLUTE
    ../Src/stm32g4xx_it.c                    0x00000000   Number         0  stm32g4xx_it.o ABSOLUTE
    ../Src/system_stm32g4xx.c                0x00000000   Number         0  system_stm32g4xx.o ABSOLUTE
    ../Src/usart.c                           0x00000000   Number         0  usart.o ABSOLUTE
    ../clib/microlib/division.c              0x00000000   Number         0  uldiv.o ABSOLUTE
    ../clib/microlib/division.c              0x00000000   Number         0  uidiv.o ABSOLUTE
    ../clib/microlib/init/entry.s            0x00000000   Number         0  entry.o ABSOLUTE
    ../clib/microlib/init/entry.s            0x00000000   Number         0  entry11b.o ABSOLUTE
    ../clib/microlib/init/entry.s            0x00000000   Number         0  entry11a.o ABSOLUTE
    ../clib/microlib/init/entry.s            0x00000000   Number         0  entry10b.o ABSOLUTE
    ../clib/microlib/init/entry.s            0x00000000   Number         0  entry10a.o ABSOLUTE
    ../clib/microlib/init/entry.s            0x00000000   Number         0  entry9b.o ABSOLUTE
    ../clib/microlib/init/entry.s            0x00000000   Number         0  entry9a.o ABSOLUTE
    ../clib/microlib/init/entry.s            0x00000000   Number         0  entry5.o ABSOLUTE
    ../clib/microlib/init/entry.s            0x00000000   Number         0  entry2.o ABSOLUTE
    ../clib/microlib/init/entry.s            0x00000000   Number         0  entry7a.o ABSOLUTE
    ../clib/microlib/init/entry.s            0x00000000   Number         0  entry7b.o ABSOLUTE
    ../clib/microlib/init/entry.s            0x00000000   Number         0  entry8a.o ABSOLUTE
    ../clib/microlib/init/entry.s            0x00000000   Number         0  entry8b.o ABSOLUTE
    ../clib/microlib/longlong.c              0x00000000   Number         0  llsshr.o ABSOLUTE
    ../clib/microlib/longlong.c              0x00000000   Number         0  llushr.o ABSOLUTE
    ../clib/microlib/longlong.c              0x00000000   Number         0  llshl.o ABSOLUTE
    ../clib/microlib/printf/printf.c         0x00000000   Number         0  printf5.o ABSOLUTE
    ../clib/microlib/printf/printf.c         0x00000000   Number         0  printf2.o ABSOLUTE
    ../clib/microlib/printf/printf.c         0x00000000   Number         0  printf6.o ABSOLUTE
    ../clib/microlib/printf/printf.c         0x00000000   Number         0  printf7.o ABSOLUTE
    ../clib/microlib/printf/printf.c         0x00000000   Number         0  printf8.o ABSOLUTE
    ../clib/microlib/printf/printf.c         0x00000000   Number         0  printf4.o ABSOLUTE
    ../clib/microlib/printf/printf.c         0x00000000   Number         0  printf3.o ABSOLUTE
    ../clib/microlib/printf/printf.c         0x00000000   Number         0  printf1.o ABSOLUTE
    ../clib/microlib/printf/printf.c         0x00000000   Number         0  printf0.o ABSOLUTE
    ../clib/microlib/printf/printf.c         0x00000000   Number         0  printfb.o ABSOLUTE
    ../clib/microlib/printf/printf.c         0x00000000   Number         0  printfa.o ABSOLUTE
    ../clib/microlib/printf/stubs.s          0x00000000   Number         0  stubs.o ABSOLUTE
    ../clib/microlib/stdio/streams.c         0x00000000   Number         0  stdout.o ABSOLUTE
    ../clib/microlib/string/memset.c         0x00000000   Number         0  memseta.o ABSOLUTE
    ../clib/microlib/stubs.s                 0x00000000   Number         0  iusefp.o ABSOLUTE
    ../fplib/microlib/fpadd.c                0x00000000   Number         0  dadd.o ABSOLUTE
    ../fplib/microlib/fpdiv.c                0x00000000   Number         0  ddiv.o ABSOLUTE
    ../fplib/microlib/fpepilogue.c           0x00000000   Number         0  depilogue.o ABSOLUTE
    ../fplib/microlib/fpfix.c                0x00000000   Number         0  dfixul.o ABSOLUTE
    ../fplib/microlib/fpmul.c                0x00000000   Number         0  dmul.o ABSOLUTE
    ..\Drivers\STM32G4xx_HAL_Driver\Src\stm32g4xx_ll_dma.c 0x00000000   Number         0  stm32g4xx_ll_dma.o ABSOLUTE
    ..\Drivers\STM32G4xx_HAL_Driver\Src\stm32g4xx_ll_exti.c 0x00000000   Number         0  stm32g4xx_ll_exti.o ABSOLUTE
    ..\Drivers\STM32G4xx_HAL_Driver\Src\stm32g4xx_ll_gpio.c 0x00000000   Number         0  stm32g4xx_ll_gpio.o ABSOLUTE
    ..\Drivers\STM32G4xx_HAL_Driver\Src\stm32g4xx_ll_pwr.c 0x00000000   Number         0  stm32g4xx_ll_pwr.o ABSOLUTE
    ..\Drivers\STM32G4xx_HAL_Driver\Src\stm32g4xx_ll_rcc.c 0x00000000   Number         0  stm32g4xx_ll_rcc.o ABSOLUTE
    ..\Drivers\STM32G4xx_HAL_Driver\Src\stm32g4xx_ll_usart.c 0x00000000   Number         0  stm32g4xx_ll_usart.o ABSOLUTE
    ..\Drivers\STM32G4xx_HAL_Driver\Src\stm32g4xx_ll_utils.c 0x00000000   Number         0  stm32g4xx_ll_utils.o ABSOLUTE
    ..\Src\gpio.c                            0x00000000   Number         0  gpio.o ABSOLUTE
    ..\Src\main.c                            0x00000000   Number         0  main.o ABSOLUTE
    ..\Src\stm32g4xx_it.c                    0x00000000   Number         0  stm32g4xx_it.o ABSOLUTE
    ..\Src\system_stm32g4xx.c                0x00000000   Number         0  system_stm32g4xx.o ABSOLUTE
    ..\Src\usart.c                           0x00000000   Number         0  usart.o ABSOLUTE
    cdrcmple.s                               0x00000000   Number         0  cdrcmple.o ABSOLUTE
    dc.s                                     0x00000000   Number         0  dc.o ABSOLUTE
    handlers.s                               0x00000000   Number         0  handlers.o ABSOLUTE
    init.s                                   0x00000000   Number         0  init.o ABSOLUTE
    startup_stm32g431xx.s                    0x00000000   Number         0  startup_stm32g431xx.o ABSOLUTE
    RESET                                    0x08000000   Section      472  startup_stm32g431xx.o(RESET)
    .ARM.Collect$$$$00000000                 0x080001d8   Section        0  entry.o(.ARM.Collect$$$$00000000)
    .ARM.Collect$$$$00000001                 0x080001d8   Section        4  entry2.o(.ARM.Collect$$$$00000001)
    .ARM.Collect$$$$00000004                 0x080001dc   Section        4  entry5.o(.ARM.Collect$$$$00000004)
    .ARM.Collect$$$$00000008                 0x080001e0   Section        0  entry7b.o(.ARM.Collect$$$$00000008)
    .ARM.Collect$$$$0000000A                 0x080001e0   Section        0  entry8b.o(.ARM.Collect$$$$0000000A)
    .ARM.Collect$$$$0000000B                 0x080001e0   Section        8  entry9a.o(.ARM.Collect$$$$0000000B)
    .ARM.Collect$$$$0000000D                 0x080001e8   Section        0  entry10a.o(.ARM.Collect$$$$0000000D)
    .ARM.Collect$$$$0000000F                 0x080001e8   Section        0  entry11a.o(.ARM.Collect$$$$0000000F)
    .ARM.Collect$$$$00002712                 0x080001e8   Section        4  entry2.o(.ARM.Collect$$$$00002712)
    __lit__00000000                          0x080001e8   Data           4  entry2.o(.ARM.Collect$$$$00002712)
    .text                                    0x080001ec   Section       36  startup_stm32g431xx.o(.text)
    $v0                                      0x080001ec   Number         0  startup_stm32g431xx.o(.text)
    .text                                    0x08000210   Section        0  memseta.o(.text)
    .text                                    0x08000234   Section        0  uidiv.o(.text)
    .text                                    0x08000260   Section       36  init.o(.text)
    i.BusFault_Handler                       0x08000284   Section        0  stm32g4xx_it.o(i.BusFault_Handler)
    i.DebugMon_Handler                       0x08000308   Section        0  stm32g4xx_it.o(i.DebugMon_Handler)
    i.Delay                                  0x0800030a   Section        0  stm32g4xx_it.o(i.Delay)
    Delay                                    0x0800030b   Thumb Code    64  stm32g4xx_it.o(i.Delay)
    i.HardFault_Handler                      0x0800034c   Section        0  stm32g4xx_it.o(i.HardFault_Handler)
    i.LL_AHB2_GRP1_EnableClock               0x080003d0   Section        0  gpio.o(i.LL_AHB2_GRP1_EnableClock)
    LL_AHB2_GRP1_EnableClock                 0x080003d1   Thumb Code    24  gpio.o(i.LL_AHB2_GRP1_EnableClock)
    i.LL_GPIO_Init                           0x080003ec   Section        0  stm32g4xx_ll_gpio.o(i.LL_GPIO_Init)
    i.LL_GPIO_ResetOutputPin                 0x08000524   Section        0  gpio.o(i.LL_GPIO_ResetOutputPin)
    LL_GPIO_ResetOutputPin                   0x08000525   Thumb Code     4  gpio.o(i.LL_GPIO_ResetOutputPin)
    i.LL_GPIO_ResetOutputPin                 0x08000528   Section        0  stm32g4xx_it.o(i.LL_GPIO_ResetOutputPin)
    LL_GPIO_ResetOutputPin                   0x08000529   Thumb Code     4  stm32g4xx_it.o(i.LL_GPIO_ResetOutputPin)
    i.LL_GPIO_SetOutputPin                   0x0800052c   Section        0  main.o(i.LL_GPIO_SetOutputPin)
    LL_GPIO_SetOutputPin                     0x0800052d   Thumb Code     4  main.o(i.LL_GPIO_SetOutputPin)
    i.LL_GPIO_SetOutputPin                   0x08000530   Section        0  stm32g4xx_it.o(i.LL_GPIO_SetOutputPin)
    LL_GPIO_SetOutputPin                     0x08000531   Thumb Code     4  stm32g4xx_it.o(i.LL_GPIO_SetOutputPin)
    i.LL_GPIO_TogglePin                      0x08000534   Section        0  main.o(i.LL_GPIO_TogglePin)
    LL_GPIO_TogglePin                        0x08000535   Thumb Code     8  main.o(i.LL_GPIO_TogglePin)
    i.LL_Init1msTick                         0x0800053c   Section        0  stm32g4xx_ll_utils.o(i.LL_Init1msTick)
    i.LL_RCC_GetUARTClockFreq                0x08000558   Section        0  stm32g4xx_ll_rcc.o(i.LL_RCC_GetUARTClockFreq)
    i.LL_RCC_GetUSARTClockFreq               0x080005cc   Section        0  stm32g4xx_ll_rcc.o(i.LL_RCC_GetUSARTClockFreq)
    i.LL_RCC_GetUSARTClockSource             0x080006e8   Section        0  stm32g4xx_ll_rcc.o(i.LL_RCC_GetUSARTClockSource)
    LL_RCC_GetUSARTClockSource               0x080006e9   Thumb Code    14  stm32g4xx_ll_rcc.o(i.LL_RCC_GetUSARTClockSource)
    i.LL_RCC_HSI_IsReady                     0x080006fc   Section        0  stm32g4xx_ll_rcc.o(i.LL_RCC_HSI_IsReady)
    LL_RCC_HSI_IsReady                       0x080006fd   Thumb Code    10  stm32g4xx_ll_rcc.o(i.LL_RCC_HSI_IsReady)
    i.LL_RCC_LSE_IsReady                     0x0800070c   Section        0  stm32g4xx_ll_rcc.o(i.LL_RCC_LSE_IsReady)
    LL_RCC_LSE_IsReady                       0x0800070d   Thumb Code    10  stm32g4xx_ll_rcc.o(i.LL_RCC_LSE_IsReady)
    i.LL_RCC_PLL_GetN                        0x0800071c   Section        0  stm32g4xx_ll_rcc.o(i.LL_RCC_PLL_GetN)
    LL_RCC_PLL_GetN                          0x0800071d   Thumb Code    10  stm32g4xx_ll_rcc.o(i.LL_RCC_PLL_GetN)
    i.LL_RCC_SetAHBPrescaler                 0x0800072c   Section        0  main.o(i.LL_RCC_SetAHBPrescaler)
    LL_RCC_SetAHBPrescaler                   0x0800072d   Thumb Code    16  main.o(i.LL_RCC_SetAHBPrescaler)
    i.LL_SetSystemCoreClock                  0x08000740   Section        0  stm32g4xx_ll_utils.o(i.LL_SetSystemCoreClock)
    i.LL_USART_Init                          0x0800074c   Section        0  stm32g4xx_ll_usart.o(i.LL_USART_Init)
    i.LL_USART_IsEnabled                     0x08000818   Section        0  stm32g4xx_ll_usart.o(i.LL_USART_IsEnabled)
    LL_USART_IsEnabled                       0x08000819   Thumb Code    10  stm32g4xx_ll_usart.o(i.LL_USART_IsEnabled)
    i.LL_USART_SetBaudRate                   0x08000824   Section        0  stm32g4xx_ll_usart.o(i.LL_USART_SetBaudRate)
    LL_USART_SetBaudRate                     0x08000825   Thumb Code    88  stm32g4xx_ll_usart.o(i.LL_USART_SetBaudRate)
    i.LL_mDelay                              0x08000880   Section        0  stm32g4xx_ll_utils.o(i.LL_mDelay)
    i.MX_GPIO_Init                           0x080008ac   Section        0  gpio.o(i.MX_GPIO_Init)
    i.MX_USART1_UART_Init                    0x0800094c   Section        0  usart.o(i.MX_USART1_UART_Init)
    i.MemManage_Handler                      0x08000a74   Section        0  stm32g4xx_it.o(i.MemManage_Handler)
    i.NMI_Handler                            0x08000af8   Section        0  stm32g4xx_it.o(i.NMI_Handler)
    i.PendSV_Handler                         0x08000afa   Section        0  stm32g4xx_it.o(i.PendSV_Handler)
    i.Print_ResetStatus                      0x08000afc   Section        0  main.o(i.Print_ResetStatus)
    i.RCC_GetHCLKClockFreq                   0x08000c8c   Section        0  stm32g4xx_ll_rcc.o(i.RCC_GetHCLKClockFreq)
    i.RCC_GetPCLK1ClockFreq                  0x08000cb0   Section        0  stm32g4xx_ll_rcc.o(i.RCC_GetPCLK1ClockFreq)
    i.RCC_GetPCLK2ClockFreq                  0x08000cd8   Section        0  stm32g4xx_ll_rcc.o(i.RCC_GetPCLK2ClockFreq)
    i.RCC_GetSystemClockFreq                 0x08000d00   Section        0  stm32g4xx_ll_rcc.o(i.RCC_GetSystemClockFreq)
    i.RCC_PLL_GetFreqDomain_SYS              0x08000d3c   Section        0  stm32g4xx_ll_rcc.o(i.RCC_PLL_GetFreqDomain_SYS)
    i.SVC_Handler                            0x08000d9c   Section        0  stm32g4xx_it.o(i.SVC_Handler)
    i.SysTick_Handler                        0x08000d9e   Section        0  stm32g4xx_it.o(i.SysTick_Handler)
    i.SystemClock_Config                     0x08000da0   Section        0  main.o(i.SystemClock_Config)
    i.SystemInit                             0x08000f1c   Section        0  system_stm32g4xx.o(i.SystemInit)
    i.UsageFault_Handler                     0x08000f38   Section        0  stm32g4xx_it.o(i.UsageFault_Handler)
    i.__0printf$1                            0x08000fbc   Section        0  printf1.o(i.__0printf$1)
    i.__scatterload_copy                     0x08000fdc   Section       14  handlers.o(i.__scatterload_copy)
    i.__scatterload_null                     0x08000fea   Section        2  handlers.o(i.__scatterload_null)
    i.__scatterload_zeroinit                 0x08000fec   Section       14  handlers.o(i.__scatterload_zeroinit)
    i._printf_core                           0x08000ffc   Section        0  printf1.o(i._printf_core)
    _printf_core                             0x08000ffd   Thumb Code   336  printf1.o(i._printf_core)
    i.fputc                                  0x08001150   Section        0  main.o(i.fputc)
    i.main                                   0x08001170   Section        0  main.o(i.main)
    .constdata                               0x080012e0   Section       48  stm32g4xx_ll_usart.o(.constdata)
    USART_PRESCALER_TAB                      0x080012e0   Data          48  stm32g4xx_ll_usart.o(.constdata)
    .constdata                               0x08001310   Section       24  system_stm32g4xx.o(.constdata)
    .data                                    0x20000000   Section        4  system_stm32g4xx.o(.data)
    .data                                    0x20000004   Section        4  stdout.o(.data)
    STACK                                    0x20000008   Section     1024  startup_stm32g431xx.o(STACK)

    Global Symbols

    Symbol Name                              Value     Ov Type        Size  Object(Section)

    BuildAttributes$$THM_ISAv4$E$P$D$K$B$S$7EM$VFPi3$EXTD16$VFPS$VFMA$PE$A:L22UL41UL21$X:L11$S22US41US21$IEEE1$IW$USESV6$~STKCKD$USESV7$~SHL$OSPACE$ROPI$EBA8$MICROLIB$REQ8$PRES8$EABIv2 0x00000000   Number         0  anon$$obj.o ABSOLUTE
    __ARM_use_no_argv                        0x00000000   Number         0  main.o ABSOLUTE
    _printf_a                                0x00000000   Number         0  stubs.o ABSOLUTE
    _printf_c                                0x00000000   Number         0  stubs.o ABSOLUTE
    _printf_charcount                        0x00000000   Number         0  stubs.o ABSOLUTE
    _printf_d                                0x00000000   Number         0  stubs.o ABSOLUTE
    _printf_e                                0x00000000   Number         0  stubs.o ABSOLUTE
    _printf_f                                0x00000000   Number         0  stubs.o ABSOLUTE
    _printf_flags                            0x00000000   Number         0  stubs.o ABSOLUTE
    _printf_fp_dec                           0x00000000   Number         0  stubs.o ABSOLUTE
    _printf_fp_hex                           0x00000000   Number         0  stubs.o ABSOLUTE
    _printf_g                                0x00000000   Number         0  stubs.o ABSOLUTE
    _printf_i                                0x00000000   Number         0  stubs.o ABSOLUTE
    _printf_int_dec                          0x00000000   Number         0  stubs.o ABSOLUTE
    _printf_l                                0x00000000   Number         0  stubs.o ABSOLUTE
    _printf_lc                               0x00000000   Number         0  stubs.o ABSOLUTE
    _printf_ll                               0x00000000   Number         0  stubs.o ABSOLUTE
    _printf_lld                              0x00000000   Number         0  stubs.o ABSOLUTE
    _printf_lli                              0x00000000   Number         0  stubs.o ABSOLUTE
    _printf_llo                              0x00000000   Number         0  stubs.o ABSOLUTE
    _printf_llu                              0x00000000   Number         0  stubs.o ABSOLUTE
    _printf_llx                              0x00000000   Number         0  stubs.o ABSOLUTE
    _printf_longlong_dec                     0x00000000   Number         0  stubs.o ABSOLUTE
    _printf_longlong_hex                     0x00000000   Number         0  stubs.o ABSOLUTE
    _printf_longlong_oct                     0x00000000   Number         0  stubs.o ABSOLUTE
    _printf_ls                               0x00000000   Number         0  stubs.o ABSOLUTE
    _printf_mbtowc                           0x00000000   Number         0  stubs.o ABSOLUTE
    _printf_n                                0x00000000   Number         0  stubs.o ABSOLUTE
    _printf_o                                0x00000000   Number         0  stubs.o ABSOLUTE
    _printf_p                                0x00000000   Number         0  stubs.o ABSOLUTE
    _printf_percent                          0x00000000   Number         0  stubs.o ABSOLUTE
    _printf_pre_padding                      0x00000000   Number         0  stubs.o ABSOLUTE
    _printf_return_value                     0x00000000   Number         0  stubs.o ABSOLUTE
    _printf_s                                0x00000000   Number         0  stubs.o ABSOLUTE
    _printf_sizespec                         0x00000000   Number         0  stubs.o ABSOLUTE
    _printf_str                              0x00000000   Number         0  stubs.o ABSOLUTE
    _printf_truncate_signed                  0x00000000   Number         0  stubs.o ABSOLUTE
    _printf_truncate_unsigned                0x00000000   Number         0  stubs.o ABSOLUTE
    _printf_u                                0x00000000   Number         0  stubs.o ABSOLUTE
    _printf_wc                               0x00000000   Number         0  stubs.o ABSOLUTE
    _printf_wctomb                           0x00000000   Number         0  stubs.o ABSOLUTE
    _printf_widthprec                        0x00000000   Number         0  stubs.o ABSOLUTE
    _printf_x                                0x00000000   Number         0  stubs.o ABSOLUTE
    __cpp_initialize__aeabi_                  - Undefined Weak Reference
    __cxa_finalize                            - Undefined Weak Reference
    __decompress                              - Undefined Weak Reference
    _clock_init                               - Undefined Weak Reference
    _microlib_exit                            - Undefined Weak Reference
    __Vectors_Size                           0x000001d8   Number         0  startup_stm32g431xx.o ABSOLUTE
    __Vectors                                0x08000000   Data           4  startup_stm32g431xx.o(RESET)
    __Vectors_End                            0x080001d8   Data           0  startup_stm32g431xx.o(RESET)
    __main                                   0x080001d9   Thumb Code     0  entry.o(.ARM.Collect$$$$00000000)
    _main_stk                                0x080001d9   Thumb Code     0  entry2.o(.ARM.Collect$$$$00000001)
    _main_scatterload                        0x080001dd   Thumb Code     0  entry5.o(.ARM.Collect$$$$00000004)
    __main_after_scatterload                 0x080001e1   Thumb Code     0  entry5.o(.ARM.Collect$$$$00000004)
    _main_clock                              0x080001e1   Thumb Code     0  entry7b.o(.ARM.Collect$$$$00000008)
    _main_cpp_init                           0x080001e1   Thumb Code     0  entry8b.o(.ARM.Collect$$$$0000000A)
    _main_init                               0x080001e1   Thumb Code     0  entry9a.o(.ARM.Collect$$$$0000000B)
    __rt_final_cpp                           0x080001e9   Thumb Code     0  entry10a.o(.ARM.Collect$$$$0000000D)
    __rt_final_exit                          0x080001e9   Thumb Code     0  entry11a.o(.ARM.Collect$$$$0000000F)
    Reset_Handler                            0x080001ed   Thumb Code     8  startup_stm32g431xx.o(.text)
    ADC1_2_IRQHandler                        0x08000207   Thumb Code     0  startup_stm32g431xx.o(.text)
    COMP1_2_3_IRQHandler                     0x08000207   Thumb Code     0  startup_stm32g431xx.o(.text)
    COMP4_IRQHandler                         0x08000207   Thumb Code     0  startup_stm32g431xx.o(.text)
    CORDIC_IRQHandler                        0x08000207   Thumb Code     0  startup_stm32g431xx.o(.text)
    CRS_IRQHandler                           0x08000207   Thumb Code     0  startup_stm32g431xx.o(.text)
    DMA1_Channel1_IRQHandler                 0x08000207   Thumb Code     0  startup_stm32g431xx.o(.text)
    DMA1_Channel2_IRQHandler                 0x08000207   Thumb Code     0  startup_stm32g431xx.o(.text)
    DMA1_Channel3_IRQHandler                 0x08000207   Thumb Code     0  startup_stm32g431xx.o(.text)
    DMA1_Channel4_IRQHandler                 0x08000207   Thumb Code     0  startup_stm32g431xx.o(.text)
    DMA1_Channel5_IRQHandler                 0x08000207   Thumb Code     0  startup_stm32g431xx.o(.text)
    DMA1_Channel6_IRQHandler                 0x08000207   Thumb Code     0  startup_stm32g431xx.o(.text)
    DMA2_Channel1_IRQHandler                 0x08000207   Thumb Code     0  startup_stm32g431xx.o(.text)
    DMA2_Channel2_IRQHandler                 0x08000207   Thumb Code     0  startup_stm32g431xx.o(.text)
    DMA2_Channel3_IRQHandler                 0x08000207   Thumb Code     0  startup_stm32g431xx.o(.text)
    DMA2_Channel4_IRQHandler                 0x08000207   Thumb Code     0  startup_stm32g431xx.o(.text)
    DMA2_Channel5_IRQHandler                 0x08000207   Thumb Code     0  startup_stm32g431xx.o(.text)
    DMA2_Channel6_IRQHandler                 0x08000207   Thumb Code     0  startup_stm32g431xx.o(.text)
    DMAMUX_OVR_IRQHandler                    0x08000207   Thumb Code     0  startup_stm32g431xx.o(.text)
    EXTI0_IRQHandler                         0x08000207   Thumb Code     0  startup_stm32g431xx.o(.text)
    EXTI15_10_IRQHandler                     0x08000207   Thumb Code     0  startup_stm32g431xx.o(.text)
    EXTI1_IRQHandler                         0x08000207   Thumb Code     0  startup_stm32g431xx.o(.text)
    EXTI2_IRQHandler                         0x08000207   Thumb Code     0  startup_stm32g431xx.o(.text)
    EXTI3_IRQHandler                         0x08000207   Thumb Code     0  startup_stm32g431xx.o(.text)
    EXTI4_IRQHandler                         0x08000207   Thumb Code     0  startup_stm32g431xx.o(.text)
    EXTI9_5_IRQHandler                       0x08000207   Thumb Code     0  startup_stm32g431xx.o(.text)
    FDCAN1_IT0_IRQHandler                    0x08000207   Thumb Code     0  startup_stm32g431xx.o(.text)
    FDCAN1_IT1_IRQHandler                    0x08000207   Thumb Code     0  startup_stm32g431xx.o(.text)
    FLASH_IRQHandler                         0x08000207   Thumb Code     0  startup_stm32g431xx.o(.text)
    FMAC_IRQHandler                          0x08000207   Thumb Code     0  startup_stm32g431xx.o(.text)
    FPU_IRQHandler                           0x08000207   Thumb Code     0  startup_stm32g431xx.o(.text)
    I2C1_ER_IRQHandler                       0x08000207   Thumb Code     0  startup_stm32g431xx.o(.text)
    I2C1_EV_IRQHandler                       0x08000207   Thumb Code     0  startup_stm32g431xx.o(.text)
    I2C2_ER_IRQHandler                       0x08000207   Thumb Code     0  startup_stm32g431xx.o(.text)
    I2C2_EV_IRQHandler                       0x08000207   Thumb Code     0  startup_stm32g431xx.o(.text)
    I2C3_ER_IRQHandler                       0x08000207   Thumb Code     0  startup_stm32g431xx.o(.text)
    I2C3_EV_IRQHandler                       0x08000207   Thumb Code     0  startup_stm32g431xx.o(.text)
    LPTIM1_IRQHandler                        0x08000207   Thumb Code     0  startup_stm32g431xx.o(.text)
    LPUART1_IRQHandler                       0x08000207   Thumb Code     0  startup_stm32g431xx.o(.text)
    PVD_PVM_IRQHandler                       0x08000207   Thumb Code     0  startup_stm32g431xx.o(.text)
    RCC_IRQHandler                           0x08000207   Thumb Code     0  startup_stm32g431xx.o(.text)
    RNG_IRQHandler                           0x08000207   Thumb Code     0  startup_stm32g431xx.o(.text)
    RTC_Alarm_IRQHandler                     0x08000207   Thumb Code     0  startup_stm32g431xx.o(.text)
    RTC_TAMP_LSECSS_IRQHandler               0x08000207   Thumb Code     0  startup_stm32g431xx.o(.text)
    RTC_WKUP_IRQHandler                      0x08000207   Thumb Code     0  startup_stm32g431xx.o(.text)
    SAI1_IRQHandler                          0x08000207   Thumb Code     0  startup_stm32g431xx.o(.text)
    SPI1_IRQHandler                          0x08000207   Thumb Code     0  startup_stm32g431xx.o(.text)
    SPI2_IRQHandler                          0x08000207   Thumb Code     0  startup_stm32g431xx.o(.text)
    SPI3_IRQHandler                          0x08000207   Thumb Code     0  startup_stm32g431xx.o(.text)
    TIM1_BRK_TIM15_IRQHandler                0x08000207   Thumb Code     0  startup_stm32g431xx.o(.text)
    TIM1_CC_IRQHandler                       0x08000207   Thumb Code     0  startup_stm32g431xx.o(.text)
    TIM1_TRG_COM_TIM17_IRQHandler            0x08000207   Thumb Code     0  startup_stm32g431xx.o(.text)
    TIM1_UP_TIM16_IRQHandler                 0x08000207   Thumb Code     0  startup_stm32g431xx.o(.text)
    TIM2_IRQHandler                          0x08000207   Thumb Code     0  startup_stm32g431xx.o(.text)
    TIM3_IRQHandler                          0x08000207   Thumb Code     0  startup_stm32g431xx.o(.text)
    TIM4_IRQHandler                          0x08000207   Thumb Code     0  startup_stm32g431xx.o(.text)
    TIM6_DAC_IRQHandler                      0x08000207   Thumb Code     0  startup_stm32g431xx.o(.text)
    TIM7_DAC_IRQHandler                      0x08000207   Thumb Code     0  startup_stm32g431xx.o(.text)
    TIM8_BRK_IRQHandler                      0x08000207   Thumb Code     0  startup_stm32g431xx.o(.text)
    TIM8_CC_IRQHandler                       0x08000207   Thumb Code     0  startup_stm32g431xx.o(.text)
    TIM8_TRG_COM_IRQHandler                  0x08000207   Thumb Code     0  startup_stm32g431xx.o(.text)
    TIM8_UP_IRQHandler                       0x08000207   Thumb Code     0  startup_stm32g431xx.o(.text)
    UART4_IRQHandler                         0x08000207   Thumb Code     0  startup_stm32g431xx.o(.text)
    UCPD1_IRQHandler                         0x08000207   Thumb Code     0  startup_stm32g431xx.o(.text)
    USART1_IRQHandler                        0x08000207   Thumb Code     0  startup_stm32g431xx.o(.text)
    USART2_IRQHandler                        0x08000207   Thumb Code     0  startup_stm32g431xx.o(.text)
    USART3_IRQHandler                        0x08000207   Thumb Code     0  startup_stm32g431xx.o(.text)
    USBWakeUp_IRQHandler                     0x08000207   Thumb Code     0  startup_stm32g431xx.o(.text)
    USB_HP_IRQHandler                        0x08000207   Thumb Code     0  startup_stm32g431xx.o(.text)
    USB_LP_IRQHandler                        0x08000207   Thumb Code     0  startup_stm32g431xx.o(.text)
    WWDG_IRQHandler                          0x08000207   Thumb Code     0  startup_stm32g431xx.o(.text)
    __aeabi_memset                           0x08000211   Thumb Code    14  memseta.o(.text)
    __aeabi_memset4                          0x08000211   Thumb Code     0  memseta.o(.text)
    __aeabi_memset8                          0x08000211   Thumb Code     0  memseta.o(.text)
    __aeabi_memclr                           0x0800021f   Thumb Code     4  memseta.o(.text)
    __aeabi_memclr4                          0x0800021f   Thumb Code     0  memseta.o(.text)
    __aeabi_memclr8                          0x0800021f   Thumb Code     0  memseta.o(.text)
    _memset$wrapper                          0x08000223   Thumb Code    18  memseta.o(.text)
    __aeabi_uidiv                            0x08000235   Thumb Code     0  uidiv.o(.text)
    __aeabi_uidivmod                         0x08000235   Thumb Code    44  uidiv.o(.text)
    __scatterload                            0x08000261   Thumb Code    28  init.o(.text)
    __scatterload_rt2                        0x08000261   Thumb Code     0  init.o(.text)
    BusFault_Handler                         0x08000285   Thumb Code    90  stm32g4xx_it.o(i.BusFault_Handler)
    DebugMon_Handler                         0x08000309   Thumb Code     2  stm32g4xx_it.o(i.DebugMon_Handler)
    HardFault_Handler                        0x0800034d   Thumb Code    90  stm32g4xx_it.o(i.HardFault_Handler)
    LL_GPIO_Init                             0x080003ed   Thumb Code   312  stm32g4xx_ll_gpio.o(i.LL_GPIO_Init)
    LL_Init1msTick                           0x0800053d   Thumb Code    28  stm32g4xx_ll_utils.o(i.LL_Init1msTick)
    LL_RCC_GetUARTClockFreq                  0x08000559   Thumb Code   108  stm32g4xx_ll_rcc.o(i.LL_RCC_GetUARTClockFreq)
    LL_RCC_GetUSARTClockFreq                 0x080005cd   Thumb Code   278  stm32g4xx_ll_rcc.o(i.LL_RCC_GetUSARTClockFreq)
    LL_SetSystemCoreClock                    0x08000741   Thumb Code     6  stm32g4xx_ll_utils.o(i.LL_SetSystemCoreClock)
    LL_USART_Init                            0x0800074d   Thumb Code   182  stm32g4xx_ll_usart.o(i.LL_USART_Init)
    LL_mDelay                                0x08000881   Thumb Code    44  stm32g4xx_ll_utils.o(i.LL_mDelay)
    MX_GPIO_Init                             0x080008ad   Thumb Code   156  gpio.o(i.MX_GPIO_Init)
    MX_USART1_UART_Init                      0x0800094d   Thumb Code   282  usart.o(i.MX_USART1_UART_Init)
    MemManage_Handler                        0x08000a75   Thumb Code    90  stm32g4xx_it.o(i.MemManage_Handler)
    NMI_Handler                              0x08000af9   Thumb Code     2  stm32g4xx_it.o(i.NMI_Handler)
    PendSV_Handler                           0x08000afb   Thumb Code     2  stm32g4xx_it.o(i.PendSV_Handler)
    Print_ResetStatus                        0x08000afd   Thumb Code   144  main.o(i.Print_ResetStatus)
    RCC_GetHCLKClockFreq                     0x08000c8d   Thumb Code    28  stm32g4xx_ll_rcc.o(i.RCC_GetHCLKClockFreq)
    RCC_GetPCLK1ClockFreq                    0x08000cb1   Thumb Code    30  stm32g4xx_ll_rcc.o(i.RCC_GetPCLK1ClockFreq)
    RCC_GetPCLK2ClockFreq                    0x08000cd9   Thumb Code    30  stm32g4xx_ll_rcc.o(i.RCC_GetPCLK2ClockFreq)
    RCC_GetSystemClockFreq                   0x08000d01   Thumb Code    48  stm32g4xx_ll_rcc.o(i.RCC_GetSystemClockFreq)
    RCC_PLL_GetFreqDomain_SYS                0x08000d3d   Thumb Code    82  stm32g4xx_ll_rcc.o(i.RCC_PLL_GetFreqDomain_SYS)
    SVC_Handler                              0x08000d9d   Thumb Code     2  stm32g4xx_it.o(i.SVC_Handler)
    SysTick_Handler                          0x08000d9f   Thumb Code     2  stm32g4xx_it.o(i.SysTick_Handler)
    SystemClock_Config                       0x08000da1   Thumb Code   352  main.o(i.SystemClock_Config)
    SystemInit                               0x08000f1d   Thumb Code    24  system_stm32g4xx.o(i.SystemInit)
    UsageFault_Handler                       0x08000f39   Thumb Code    90  stm32g4xx_it.o(i.UsageFault_Handler)
    __0printf$1                              0x08000fbd   Thumb Code    22  printf1.o(i.__0printf$1)
    __1printf$1                              0x08000fbd   Thumb Code     0  printf1.o(i.__0printf$1)
    __2printf                                0x08000fbd   Thumb Code     0  printf1.o(i.__0printf$1)
    __scatterload_copy                       0x08000fdd   Thumb Code    14  handlers.o(i.__scatterload_copy)
    __scatterload_null                       0x08000feb   Thumb Code     2  handlers.o(i.__scatterload_null)
    __scatterload_zeroinit                   0x08000fed   Thumb Code    14  handlers.o(i.__scatterload_zeroinit)
    fputc                                    0x08001151   Thumb Code    28  main.o(i.fputc)
    main                                     0x08001171   Thumb Code   278  main.o(i.main)
    AHBPrescTable                            0x08001310   Data          16  system_stm32g4xx.o(.constdata)
    APBPrescTable                            0x08001320   Data           8  system_stm32g4xx.o(.constdata)
    Region$$Table$$Base                      0x08001328   Number         0  anon$$obj.o(Region$$Table)
    Region$$Table$$Limit                     0x08001348   Number         0  anon$$obj.o(Region$$Table)
    SystemCoreClock                          0x20000000   Data           4  system_stm32g4xx.o(.data)
    __stdout                                 0x20000004   Data           4  stdout.o(.data)
    __initial_sp                             0x20000408   Data           0  startup_stm32g431xx.o(STACK)



==============================================================================

Memory Map of the image

  Image Entry point : 0x080001d9

  Load Region LR_IROM1 (Base: 0x08000000, Size: 0x00001350, Max: 0x00020000, ABSOLUTE)

    Execution Region ER_IROM1 (Base: 0x08000000, Size: 0x00001348, Max: 0x00020000, ABSOLUTE)

    Base Addr    Size         Type   Attr      Idx    E Section Name        Object

    0x08000000   0x000001d8   Data   RO            3    RESET               startup_stm32g431xx.o
    0x080001d8   0x00000000   Code   RO          979  * .ARM.Collect$$$$00000000  mc_w.l(entry.o)
    0x080001d8   0x00000004   Code   RO         1245    .ARM.Collect$$$$00000001  mc_w.l(entry2.o)
    0x080001dc   0x00000004   Code   RO         1248    .ARM.Collect$$$$00000004  mc_w.l(entry5.o)
    0x080001e0   0x00000000   Code   RO         1250    .ARM.Collect$$$$00000008  mc_w.l(entry7b.o)
    0x080001e0   0x00000000   Code   RO         1252    .ARM.Collect$$$$0000000A  mc_w.l(entry8b.o)
    0x080001e0   0x00000008   Code   RO         1253    .ARM.Collect$$$$0000000B  mc_w.l(entry9a.o)
    0x080001e8   0x00000000   Code   RO         1255    .ARM.Collect$$$$0000000D  mc_w.l(entry10a.o)
    0x080001e8   0x00000000   Code   RO         1257    .ARM.Collect$$$$0000000F  mc_w.l(entry11a.o)
    0x080001e8   0x00000004   Code   RO         1246    .ARM.Collect$$$$00002712  mc_w.l(entry2.o)
    0x080001ec   0x00000024   Code   RO            4    .text               startup_stm32g431xx.o
    0x08000210   0x00000024   Code   RO          982    .text               mc_w.l(memseta.o)
    0x08000234   0x0000002c   Code   RO         1260    .text               mc_w.l(uidiv.o)
    0x08000260   0x00000024   Code   RO         1275    .text               mc_w.l(init.o)
    0x08000284   0x00000084   Code   RO          253    i.BusFault_Handler  stm32g4xx_it.o
    0x08000308   0x00000002   Code   RO          254    i.DebugMon_Handler  stm32g4xx_it.o
    0x0800030a   0x00000040   Code   RO          255    i.Delay             stm32g4xx_it.o
    0x0800034a   0x00000002   PAD
    0x0800034c   0x00000084   Code   RO          256    i.HardFault_Handler  stm32g4xx_it.o
    0x080003d0   0x0000001c   Code   RO          157    i.LL_AHB2_GRP1_EnableClock  gpio.o
    0x080003ec   0x00000138   Code   RO          558    i.LL_GPIO_Init      stm32g4xx_ll_gpio.o
    0x08000524   0x00000004   Code   RO          158    i.LL_GPIO_ResetOutputPin  gpio.o
    0x08000528   0x00000004   Code   RO          257    i.LL_GPIO_ResetOutputPin  stm32g4xx_it.o
    0x0800052c   0x00000004   Code   RO           14    i.LL_GPIO_SetOutputPin  main.o
    0x08000530   0x00000004   Code   RO          258    i.LL_GPIO_SetOutputPin  stm32g4xx_it.o
    0x08000534   0x00000008   Code   RO           15    i.LL_GPIO_TogglePin  main.o
    0x0800053c   0x0000001c   Code   RO          351    i.LL_Init1msTick    stm32g4xx_ll_utils.o
    0x08000558   0x00000074   Code   RO          721    i.LL_RCC_GetUARTClockFreq  stm32g4xx_ll_rcc.o
    0x080005cc   0x0000011c   Code   RO          722    i.LL_RCC_GetUSARTClockFreq  stm32g4xx_ll_rcc.o
    0x080006e8   0x00000014   Code   RO          723    i.LL_RCC_GetUSARTClockSource  stm32g4xx_ll_rcc.o
    0x080006fc   0x00000010   Code   RO          726    i.LL_RCC_HSI_IsReady  stm32g4xx_ll_rcc.o
    0x0800070c   0x00000010   Code   RO          727    i.LL_RCC_LSE_IsReady  stm32g4xx_ll_rcc.o
    0x0800071c   0x00000010   Code   RO          728    i.LL_RCC_PLL_GetN   stm32g4xx_ll_rcc.o
    0x0800072c   0x00000014   Code   RO           16    i.LL_RCC_SetAHBPrescaler  main.o
    0x08000740   0x0000000c   Code   RO          359    i.LL_SetSystemCoreClock  stm32g4xx_ll_utils.o
    0x0800074c   0x000000cc   Code   RO          639    i.LL_USART_Init     stm32g4xx_ll_usart.o
    0x08000818   0x0000000a   Code   RO          640    i.LL_USART_IsEnabled  stm32g4xx_ll_usart.o
    0x08000822   0x00000002   PAD
    0x08000824   0x0000005c   Code   RO          641    i.LL_USART_SetBaudRate  stm32g4xx_ll_usart.o
    0x08000880   0x0000002c   Code   RO          360    i.LL_mDelay         stm32g4xx_ll_utils.o
    0x080008ac   0x000000a0   Code   RO          159    i.MX_GPIO_Init      gpio.o
    0x0800094c   0x00000128   Code   RO          218    i.MX_USART1_UART_Init  usart.o
    0x08000a74   0x00000084   Code   RO          259    i.MemManage_Handler  stm32g4xx_it.o
    0x08000af8   0x00000002   Code   RO          260    i.NMI_Handler       stm32g4xx_it.o
    0x08000afa   0x00000002   Code   RO          261    i.PendSV_Handler    stm32g4xx_it.o
    0x08000afc   0x00000190   Code   RO           17    i.Print_ResetStatus  main.o
    0x08000c8c   0x00000024   Code   RO          730    i.RCC_GetHCLKClockFreq  stm32g4xx_ll_rcc.o
    0x08000cb0   0x00000028   Code   RO          731    i.RCC_GetPCLK1ClockFreq  stm32g4xx_ll_rcc.o
    0x08000cd8   0x00000028   Code   RO          732    i.RCC_GetPCLK2ClockFreq  stm32g4xx_ll_rcc.o
    0x08000d00   0x0000003c   Code   RO          733    i.RCC_GetSystemClockFreq  stm32g4xx_ll_rcc.o
    0x08000d3c   0x00000060   Code   RO          736    i.RCC_PLL_GetFreqDomain_SYS  stm32g4xx_ll_rcc.o
    0x08000d9c   0x00000002   Code   RO          262    i.SVC_Handler       stm32g4xx_it.o
    0x08000d9e   0x00000002   Code   RO          263    i.SysTick_Handler   stm32g4xx_it.o
    0x08000da0   0x0000017c   Code   RO           18    i.SystemClock_Config  main.o
    0x08000f1c   0x0000001c   Code   RO          946    i.SystemInit        system_stm32g4xx.o
    0x08000f38   0x00000084   Code   RO          264    i.UsageFault_Handler  stm32g4xx_it.o
    0x08000fbc   0x00000020   Code   RO         1029    i.__0printf$1       mc_w.l(printf1.o)
    0x08000fdc   0x0000000e   Code   RO         1287    i.__scatterload_copy  mc_w.l(handlers.o)
    0x08000fea   0x00000002   Code   RO         1288    i.__scatterload_null  mc_w.l(handlers.o)
    0x08000fec   0x0000000e   Code   RO         1289    i.__scatterload_zeroinit  mc_w.l(handlers.o)
    0x08000ffa   0x00000002   PAD
    0x08000ffc   0x00000154   Code   RO         1036    i._printf_core      mc_w.l(printf1.o)
    0x08001150   0x00000020   Code   RO           19    i.fputc             main.o
    0x08001170   0x00000170   Code   RO           20    i.main              main.o
    0x080012e0   0x00000030   Data   RO          643    .constdata          stm32g4xx_ll_usart.o
    0x08001310   0x00000018   Data   RO          947    .constdata          system_stm32g4xx.o
    0x08001328   0x00000020   Data   RO         1285    Region$$Table       anon$$obj.o


    Execution Region RW_IRAM1 (Base: 0x20000000, Size: 0x00000408, Max: 0x00008000, ABSOLUTE)

    Base Addr    Size         Type   Attr      Idx    E Section Name        Object

    0x20000000   0x00000004   Data   RW          948    .data               system_stm32g4xx.o
    0x20000004   0x00000004   Data   RW         1259    .data               mc_w.l(stdout.o)
    0x20000008   0x00000400   Zero   RW            1    STACK               startup_stm32g431xx.o


==============================================================================

Image component sizes


      Code (inc. data)   RO Data    RW Data    ZI Data      Debug   Object Name

       192          8          0          0          0      11463   gpio.o
      1212        382          0          0          0     568839   main.o
        36          8        472          0       1024        864   startup_stm32g431xx.o
       610        168          0          0          0      10334   stm32g4xx_it.o
       312          0          0          0          0       7551   stm32g4xx_ll_gpio.o
       740         92          0          0          0      28373   stm32g4xx_ll_rcc.o
       306         26         48          0          0      27688   stm32g4xx_ll_usart.o
        84          6          0          0          0       7433   stm32g4xx_ll_utils.o
        28          4         24          4          0       1215   system_stm32g4xx.o
       296         14          0          0          0      33322   usart.o

    ----------------------------------------------------------------------
      3820        708        576          4       1024     697082   Object Totals
         0          0         32          0          0          0   (incl. Generated)
         4          0          0          0          0          0   (incl. Padding)

    ----------------------------------------------------------------------

      Code (inc. data)   RO Data    RW Data    ZI Data      Debug   Library Member Name

         0          0          0          0          0          0   entry.o
         0          0          0          0          0          0   entry10a.o
         0          0          0          0          0          0   entry11a.o
         8          4          0          0          0          0   entry2.o
         4          0          0          0          0          0   entry5.o
         0          0          0          0          0          0   entry7b.o
         0          0          0          0          0          0   entry8b.o
         8          4          0          0          0          0   entry9a.o
        30          0          0          0          0          0   handlers.o
        36          8          0          0          0         68   init.o
        36          0          0          0          0        108   memseta.o
       372         14          0          0          0        184   printf1.o
         0          0          0          4          0          0   stdout.o
        44          0          0          0          0         80   uidiv.o

    ----------------------------------------------------------------------
       540         30          0          4          0        440   Library Totals
         2          0          0          0          0          0   (incl. Padding)

    ----------------------------------------------------------------------

      Code (inc. data)   RO Data    RW Data    ZI Data      Debug   Library Name

       538         30          0          4          0        440   mc_w.l

    ----------------------------------------------------------------------
       540         30          0          4          0        440   Library Totals

    ----------------------------------------------------------------------

==============================================================================


      Code (inc. data)   RO Data    RW Data    ZI Data      Debug   

      4360        738        576          8       1024     693922   Grand Totals
      4360        738        576          8       1024     693922   ELF Image Totals
      4360        738        576          8          0          0   ROM Totals

==============================================================================

    Total RO  Size (Code + RO Data)                 4936 (   4.82kB)
    Total RW  Size (RW Data + ZI Data)              1032 (   1.01kB)
    Total ROM Size (Code + RO Data + RW Data)       4944 (   4.83kB)

==============================================================================

